
> propvora-final-release-v.1.0@0.1.0 build
> next build

▲ Next.js 16.2.7 (Turbopack)
- Environments: .env.local, .env
- Experiments (use with caution):
  · optimizePackageImports

  Creating an optimized production build ...
✓ Compiled successfully in 3.1min
  Running TypeScript ...
  Finished TypeScript in 2.2min ...
  Collecting page data using 27 workers ...
  Generating static pages using 27 workers (0/465) ...
[public-marketplace] unexpected error loading live data: Error: Dynamic server usage: Route /providers couldn't be rendered statically because it used `cookies`. See more info here: https://nextjs.org/docs/messages/dynamic-server-error
    at s (C:\Users\PC\Documents\Saas Dev Build\propvora-final-release-v.1.0\.next\server\chunks\ssr\_1p7_fnh._.js:1:7763)
    at G (C:\Users\PC\Documents\Saas Dev Build\propvora-final-release-v.1.0\.next\server\chunks\ssr\src_lib_public-marketplace_queries_ts_0fv7__0._.js:1:65892)
    at J (C:\Users\PC\Documents\Saas Dev Build\propvora-final-release-v.1.0\.next\server\chunks\ssr\src_lib_public-marketplace_queries_ts_0fv7__0._.js:1:70790)
    at r (C:\Users\PC\Documents\Saas Dev Build\propvora-final-release-v.1.0\.next\server\chunks\ssr\[root-of-the-server]__1t_9wdk._.js:1:24084) {
  description: "Route /providers couldn't be rendered statically because it used `cookies`. See more info here: https://nextjs.org/docs/messages/dynamic-server-error",
  digest: 'DYNAMIC_SERVER_USAGE'
}
[public-marketplace] unexpected error loading live data: Error: Dynamic server usage: Route /providers couldn't be rendered statically because it used `cookies`. See more info here: https://nextjs.org/docs/messages/dynamic-server-error
    at s (C:\Users\PC\Documents\Saas Dev Build\propvora-final-release-v.1.0\.next\server\chunks\ssr\_1p7_fnh._.js:1:7763)
    at G (C:\Users\PC\Documents\Saas Dev Build\propvora-final-release-v.1.0\.next\server\chunks\ssr\src_lib_public-marketplace_queries_ts_0fv7__0._.js:1:65892)
    at J (C:\Users\PC\Documents\Saas Dev Build\propvora-final-release-v.1.0\.next\server\chunks\ssr\src_lib_public-marketplace_queries_ts_0fv7__0._.js:1:70790)
    at L (C:\Users\PC\Documents\Saas Dev Build\propvora-final-release-v.1.0\.next\server\chunks\ssr\src_lib_public-marketplace_queries_ts_0fv7__0._.js:1:70934)
    at r (C:\Users\PC\Documents\Saas Dev Build\propvora-final-release-v.1.0\.next\server\chunks\ssr\[root-of-the-server]__1t_9wdk._.js:1:24113) {
  description: "Route /providers couldn't be rendered statically because it used `cookies`. See more info here: https://nextjs.org/docs/messages/dynamic-server-error",
  digest: 'DYNAMIC_SERVER_USAGE'
}
[public-marketplace] unexpected error loading live data: Error: Dynamic server usage: Route /services/[slug] couldn't be rendered statically because it used `cookies`. See more info here: https://nextjs.org/docs/messages/dynamic-server-error
    at s (C:\Users\PC\Documents\Saas Dev Build\propvora-final-release-v.1.0\.next\server\chunks\ssr\_1p7_fnh._.js:1:7763)
    at G (C:\Users\PC\Documents\Saas Dev Build\propvora-final-release-v.1.0\.next\server\chunks\ssr\src_lib_public-marketplace_queries_ts_0fv7__0._.js:1:65892)
    at M (C:\Users\PC\Documents\Saas Dev Build\propvora-final-release-v.1.0\.next\server\chunks\ssr\src_lib_public-marketplace_queries_ts_0fv7__0._.js:1:71028)
    at N (C:\Users\PC\Documents\Saas Dev Build\propvora-final-release-v.1.0\.next\server\chunks\ssr\src_lib_public-marketplace_queries_ts_0fv7__0._.js:1:71104)
    at v (C:\Users\PC\Documents\Saas Dev Build\propvora-final-release-v.1.0\.next\server\chunks\ssr\[root-of-the-server]__1qu_yj9._.js:1:17051) {
  description: "Route /services/[slug] couldn't be rendered statically because it used `cookies`. See more info here: https://nextjs.org/docs/messages/dynamic-server-error",
  digest: 'DYNAMIC_SERVER_USAGE'
}
[public-marketplace] unexpected error loading live data: Error: Dynamic server usage: Route /services/[slug] couldn't be rendered statically because it used `cookies`. See more info here: https://nextjs.org/docs/messages/dynamic-server-error
    at s (C:\Users\PC\Documents\Saas Dev Build\propvora-final-release-v.1.0\.next\server\chunks\ssr\_1p7_fnh._.js:1:7763)
    at G (C:\Users\PC\Documents\Saas Dev Build\propvora-final-release-v.1.0\.next\server\chunks\ssr\src_lib_public-marketplace_queries_ts_0fv7__0._.js:1:65892)
    at M (C:\Users\PC\Documents\Saas Dev Build\propvora-final-release-v.1.0\.next\server\chunks\ssr\src_lib_public-marketplace_queries_ts_0fv7__0._.js:1:71028)
    at N (C:\Users\PC\Documents\Saas Dev Build\propvora-final-release-v.1.0\.next\server\chunks\ssr\src_lib_public-marketplace_queries_ts_0fv7__0._.js:1:71104)
    at Module.s [as generateMetadata] (C:\Users\PC\Documents\Saas Dev Build\propvora-final-release-v.1.0\.next\server\chunks\ssr\[root-of-the-server]__1qu_yj9._.js:1:16329) {
  description: "Route /services/[slug] couldn't be rendered statically because it used `cookies`. See more info here: https://nextjs.org/docs/messages/dynamic-server-error",
  digest: 'DYNAMIC_SERVER_USAGE'
}
[public-marketplace] unexpected error loading live data: Error: Dynamic server usage: Route /services/[slug] couldn't be rendered statically because it used `cookies`. See more info here: https://nextjs.org/docs/messages/dynamic-server-error
    at s (C:\Users\PC\Documents\Saas Dev Build\propvora-final-release-v.1.0\.next\server\chunks\ssr\_1p7_fnh._.js:1:7763)
    at G (C:\Users\PC\Documents\Saas Dev Build\propvora-final-release-v.1.0\.next\server\chunks\ssr\src_lib_public-marketplace_queries_ts_0fv7__0._.js:1:65892)
    at M (C:\Users\PC\Documents\Saas Dev Build\propvora-final-release-v.1.0\.next\server\chunks\ssr\src_lib_public-marketplace_queries_ts_0fv7__0._.js:1:71028)
    at N (C:\Users\PC\Documents\Saas Dev Build\propvora-final-release-v.1.0\.next\server\chunks\ssr\src_lib_public-marketplace_queries_ts_0fv7__0._.js:1:71104)
    at v (C:\Users\PC\Documents\Saas Dev Build\propvora-final-release-v.1.0\.next\server\chunks\ssr\[root-of-the-server]__1qu_yj9._.js:1:17051) {
  description: "Route /services/[slug] couldn't be rendered statically because it used `cookies`. See more info here: https://nextjs.org/docs/messages/dynamic-server-error",
  digest: 'DYNAMIC_SERVER_USAGE'
}
[public-marketplace] unexpected error loading live data: Error: Dynamic server usage: Route /services/[slug] couldn't be rendered statically because it used `cookies`. See more info here: https://nextjs.org/docs/messages/dynamic-server-error
    at s (C:\Users\PC\Documents\Saas Dev Build\propvora-final-release-v.1.0\.next\server\chunks\ssr\_1p7_fnh._.js:1:7763)
    at G (C:\Users\PC\Documents\Saas Dev Build\propvora-final-release-v.1.0\.next\server\chunks\ssr\src_lib_public-marketplace_queries_ts_0fv7__0._.js:1:65892)
    at M (C:\Users\PC\Documents\Saas Dev Build\propvora-final-release-v.1.0\.next\server\chunks\ssr\src_lib_public-marketplace_queries_ts_0fv7__0._.js:1:71028)
    at N (C:\Users\PC\Documents\Saas Dev Build\propvora-final-release-v.1.0\.next\server\chunks\ssr\src_lib_public-marketplace_queries_ts_0fv7__0._.js:1:71104)
    at Module.s [as generateMetadata] (C:\Users\PC\Documents\Saas Dev Build\propvora-final-release-v.1.0\.next\server\chunks\ssr\[root-of-the-server]__1qu_yj9._.js:1:16329) {
  description: "Route /services/[slug] couldn't be rendered statically because it used `cookies`. See more info here: https://nextjs.org/docs/messages/dynamic-server-error",
  digest: 'DYNAMIC_SERVER_USAGE'
}
[public-marketplace] unexpected error loading live data: Error: Dynamic server usage: Route /services/[slug] couldn't be rendered statically because it used `cookies`. See more info here: https://nextjs.org/docs/messages/dynamic-server-error
    at s (C:\Users\PC\Documents\Saas Dev Build\propvora-final-release-v.1.0\.next\server\chunks\ssr\_1p7_fnh._.js:1:7763)
    at G (C:\Users\PC\Documents\Saas Dev Build\propvora-final-release-v.1.0\.next\server\chunks\ssr\src_lib_public-marketplace_queries_ts_0fv7__0._.js:1:65892)
    at M (C:\Users\PC\Documents\Saas Dev Build\propvora-final-release-v.1.0\.next\server\chunks\ssr\src_lib_public-marketplace_queries_ts_0fv7__0._.js:1:71028)
    at N (C:\Users\PC\Documents\Saas Dev Build\propvora-final-release-v.1.0\.next\server\chunks\ssr\src_lib_public-marketplace_queries_ts_0fv7__0._.js:1:71104)
    at v (C:\Users\PC\Documents\Saas Dev Build\propvora-final-release-v.1.0\.next\server\chunks\ssr\[root-of-the-server]__1qu_yj9._.js:1:17051) {
  description: "Route /services/[slug] couldn't be rendered statically because it used `cookies`. See more info here: https://nextjs.org/docs/messages/dynamic-server-error",
  digest: 'DYNAMIC_SERVER_USAGE'
}
[public-marketplace] unexpected error loading live data: Error: Dynamic server usage: Route /services/[slug] couldn't be rendered statically because it used `cookies`. See more info here: https://nextjs.org/docs/messages/dynamic-server-error
    at s (C:\Users\PC\Documents\Saas Dev Build\propvora-final-release-v.1.0\.next\server\chunks\ssr\_1p7_fnh._.js:1:7763)
    at G (C:\Users\PC\Documents\Saas Dev Build\propvora-final-release-v.1.0\.next\server\chunks\ssr\src_lib_public-marketplace_queries_ts_0fv7__0._.js:1:65892)
    at M (C:\Users\PC\Documents\Saas Dev Build\propvora-final-release-v.1.0\.next\server\chunks\ssr\src_lib_public-marketplace_queries_ts_0fv7__0._.js:1:71028)
    at N (C:\Users\PC\Documents\Saas Dev Build\propvora-final-release-v.1.0\.next\server\chunks\ssr\src_lib_public-marketplace_queries_ts_0fv7__0._.js:1:71104)
    at Module.s [as generateMetadata] (C:\Users\PC\Documents\Saas Dev Build\propvora-final-release-v.1.0\.next\server\chunks\ssr\[root-of-the-server]__1qu_yj9._.js:1:16329) {
  description: "Route /services/[slug] couldn't be rendered statically because it used `cookies`. See more info here: https://nextjs.org/docs/messages/dynamic-server-error",
  digest: 'DYNAMIC_SERVER_USAGE'
}
[public-marketplace] unexpected error loading live data: Error: Dynamic server usage: Route /services/[slug] couldn't be rendered statically because it used `cookies`. See more info here: https://nextjs.org/docs/messages/dynamic-server-error
    at s (C:\Users\PC\Documents\Saas Dev Build\propvora-final-release-v.1.0\.next\server\chunks\ssr\_1p7_fnh._.js:1:7763)
    at G (C:\Users\PC\Documents\Saas Dev Build\propvora-final-release-v.1.0\.next\server\chunks\ssr\src_lib_public-marketplace_queries_ts_0fv7__0._.js:1:65892)
    at M (C:\Users\PC\Documents\Saas Dev Build\propvora-final-release-v.1.0\.next\server\chunks\ssr\src_lib_public-marketplace_queries_ts_0fv7__0._.js:1:71028)
    at N (C:\Users\PC\Documents\Saas Dev Build\propvora-final-release-v.1.0\.next\server\chunks\ssr\src_lib_public-marketplace_queries_ts_0fv7__0._.js:1:71104)
    at v (C:\Users\PC\Documents\Saas Dev Build\propvora-final-release-v.1.0\.next\server\chunks\ssr\[root-of-the-server]__1qu_yj9._.js:1:17051) {
  description: "Route /services/[slug] couldn't be rendered statically because it used `cookies`. See more info here: https://nextjs.org/docs/messages/dynamic-server-error",
  digest: 'DYNAMIC_SERVER_USAGE'
}
[public-marketplace] unexpected error loading live data: Error: Dynamic server usage: Route /services/[slug] couldn't be rendered statically because it used `cookies`. See more info here: https://nextjs.org/docs/messages/dynamic-server-error
    at s (C:\Users\PC\Documents\Saas Dev Build\propvora-final-release-v.1.0\.next\server\chunks\ssr\_1p7_fnh._.js:1:7763)
    at G (C:\Users\PC\Documents\Saas Dev Build\propvora-final-release-v.1.0\.next\server\chunks\ssr\src_lib_public-marketplace_queries_ts_0fv7__0._.js:1:65892)
    at M (C:\Users\PC\Documents\Saas Dev Build\propvora-final-release-v.1.0\.next\server\chunks\ssr\src_lib_public-marketplace_queries_ts_0fv7__0._.js:1:71028)
    at N (C:\Users\PC\Documents\Saas Dev Build\propvora-final-release-v.1.0\.next\server\chunks\ssr\src_lib_public-marketplace_queries_ts_0fv7__0._.js:1:71104)
    at Module.s [as generateMetadata] (C:\Users\PC\Documents\Saas Dev Build\propvora-final-release-v.1.0\.next\server\chunks\ssr\[root-of-the-server]__1qu_yj9._.js:1:16329) {
  description: "Route /services/[slug] couldn't be rendered statically because it used `cookies`. See more info here: https://nextjs.org/docs/messages/dynamic-server-error",
  digest: 'DYNAMIC_SERVER_USAGE'
}
[public-marketplace] unexpected error loading live data: Error: Dynamic server usage: Route /services/[slug] couldn't be rendered statically because it used `cookies`. See more info here: https://nextjs.org/docs/messages/dynamic-server-error
    at s (C:\Users\PC\Documents\Saas Dev Build\propvora-final-release-v.1.0\.next\server\chunks\ssr\_1p7_fnh._.js:1:7763)
    at G (C:\Users\PC\Documents\Saas Dev Build\propvora-final-release-v.1.0\.next\server\chunks\ssr\src_lib_public-marketplace_queries_ts_0fv7__0._.js:1:65892)
    at M (C:\Users\PC\Documents\Saas Dev Build\propvora-final-release-v.1.0\.next\server\chunks\ssr\src_lib_public-marketplace_queries_ts_0fv7__0._.js:1:71028)
    at N (C:\Users\PC\Documents\Saas Dev Build\propvora-final-release-v.1.0\.next\server\chunks\ssr\src_lib_public-marketplace_queries_ts_0fv7__0._.js:1:71104)
    at v (C:\Users\PC\Documents\Saas Dev Build\propvora-final-release-v.1.0\.next\server\chunks\ssr\[root-of-the-server]__1qu_yj9._.js:1:17051) {
  description: "Route /services/[slug] couldn't be rendered statically because it used `cookies`. See more info here: https://nextjs.org/docs/messages/dynamic-server-error",
  digest: 'DYNAMIC_SERVER_USAGE'
}
[public-marketplace] unexpected error loading live data: Error: Dynamic server usage: Route /services/[slug] couldn't be rendered statically because it used `cookies`. See more info here: https://nextjs.org/docs/messages/dynamic-server-error
    at s (C:\Users\PC\Documents\Saas Dev Build\propvora-final-release-v.1.0\.next\server\chunks\ssr\_1p7_fnh._.js:1:7763)
    at G (C:\Users\PC\Documents\Saas Dev Build\propvora-final-release-v.1.0\.next\server\chunks\ssr\src_lib_public-marketplace_queries_ts_0fv7__0._.js:1:65892)
    at M (C:\Users\PC\Documents\Saas Dev Build\propvora-final-release-v.1.0\.next\server\chunks\ssr\src_lib_public-marketplace_queries_ts_0fv7__0._.js:1:71028)
    at N (C:\Users\PC\Documents\Saas Dev Build\propvora-final-release-v.1.0\.next\server\chunks\ssr\src_lib_public-marketplace_queries_ts_0fv7__0._.js:1:71104)
    at Module.s [as generateMetadata] (C:\Users\PC\Documents\Saas Dev Build\propvora-final-release-v.1.0\.next\server\chunks\ssr\[root-of-the-server]__1qu_yj9._.js:1:16329) {
  description: "Route /services/[slug] couldn't be rendered statically because it used `cookies`. See more info here: https://nextjs.org/docs/messages/dynamic-server-error",
  digest: 'DYNAMIC_SERVER_USAGE'
}
  Generating static pages using 27 workers (116/465) 
[public-marketplace] unexpected error loading live data: Error: Dynamic server usage: Route /services/[slug] couldn't be rendered statically because it used `cookies`. See more info here: https://nextjs.org/docs/messages/dynamic-server-error
    at s (C:\Users\PC\Documents\Saas Dev Build\propvora-final-release-v.1.0\.next\server\chunks\ssr\_1p7_fnh._.js:1:7763)
    at G (C:\Users\PC\Documents\Saas Dev Build\propvora-final-release-v.1.0\.next\server\chunks\ssr\src_lib_public-marketplace_queries_ts_0fv7__0._.js:1:65892)
    at M (C:\Users\PC\Documents\Saas Dev Build\propvora-final-release-v.1.0\.next\server\chunks\ssr\src_lib_public-marketplace_queries_ts_0fv7__0._.js:1:71028)
    at N (C:\Users\PC\Documents\Saas Dev Build\propvora-final-release-v.1.0\.next\server\chunks\ssr\src_lib_public-marketplace_queries_ts_0fv7__0._.js:1:71104)
    at v (C:\Users\PC\Documents\Saas Dev Build\propvora-final-release-v.1.0\.next\server\chunks\ssr\[root-of-the-server]__1qu_yj9._.js:1:17051) {
  description: "Route /services/[slug] couldn't be rendered statically because it used `cookies`. See more info here: https://nextjs.org/docs/messages/dynamic-server-error",
  digest: 'DYNAMIC_SERVER_USAGE'
}
[public-marketplace] unexpected error loading live data: Error: Dynamic server usage: Route /services/[slug] couldn't be rendered statically because it used `cookies`. See more info here: https://nextjs.org/docs/messages/dynamic-server-error
    at s (C:\Users\PC\Documents\Saas Dev Build\propvora-final-release-v.1.0\.next\server\chunks\ssr\_1p7_fnh._.js:1:7763)
    at G (C:\Users\PC\Documents\Saas Dev Build\propvora-final-release-v.1.0\.next\server\chunks\ssr\src_lib_public-marketplace_queries_ts_0fv7__0._.js:1:65892)
    at M (C:\Users\PC\Documents\Saas Dev Build\propvora-final-release-v.1.0\.next\server\chunks\ssr\src_lib_public-marketplace_queries_ts_0fv7__0._.js:1:71028)
    at N (C:\Users\PC\Documents\Saas Dev Build\propvora-final-release-v.1.0\.next\server\chunks\ssr\src_lib_public-marketplace_queries_ts_0fv7__0._.js:1:71104)
    at Module.s [as generateMetadata] (C:\Users\PC\Documents\Saas Dev Build\propvora-final-release-v.1.0\.next\server\chunks\ssr\[root-of-the-server]__1qu_yj9._.js:1:16329) {
  description: "Route /services/[slug] couldn't be rendered statically because it used `cookies`. See more info here: https://nextjs.org/docs/messages/dynamic-server-error",
  digest: 'DYNAMIC_SERVER_USAGE'
}
[public-marketplace] unexpected error loading live data: Error: Dynamic server usage: Route /services/[slug] couldn't be rendered statically because it used `cookies`. See more info here: https://nextjs.org/docs/messages/dynamic-server-error
    at s (C:\Users\PC\Documents\Saas Dev Build\propvora-final-release-v.1.0\.next\server\chunks\ssr\_1p7_fnh._.js:1:7763)
    at G (C:\Users\PC\Documents\Saas Dev Build\propvora-final-release-v.1.0\.next\server\chunks\ssr\src_lib_public-marketplace_queries_ts_0fv7__0._.js:1:65892)
    at M (C:\Users\PC\Documents\Saas Dev Build\propvora-final-release-v.1.0\.next\server\chunks\ssr\src_lib_public-marketplace_queries_ts_0fv7__0._.js:1:71028)
    at N (C:\Users\PC\Documents\Saas Dev Build\propvora-final-release-v.1.0\.next\server\chunks\ssr\src_lib_public-marketplace_queries_ts_0fv7__0._.js:1:71104)
    at v (C:\Users\PC\Documents\Saas Dev Build\propvora-final-release-v.1.0\.next\server\chunks\ssr\[root-of-the-server]__1qu_yj9._.js:1:17051) {
  description: "Route /services/[slug] couldn't be rendered statically because it used `cookies`. See more info here: https://nextjs.org/docs/messages/dynamic-server-error",
  digest: 'DYNAMIC_SERVER_USAGE'
}
[public-marketplace] unexpected error loading live data: Error: Dynamic server usage: Route /services/[slug] couldn't be rendered statically because it used `cookies`. See more info here: https://nextjs.org/docs/messages/dynamic-server-error
    at s (C:\Users\PC\Documents\Saas Dev Build\propvora-final-release-v.1.0\.next\server\chunks\ssr\_1p7_fnh._.js:1:7763)
    at G (C:\Users\PC\Documents\Saas Dev Build\propvora-final-release-v.1.0\.next\server\chunks\ssr\src_lib_public-marketplace_queries_ts_0fv7__0._.js:1:65892)
    at M (C:\Users\PC\Documents\Saas Dev Build\propvora-final-release-v.1.0\.next\server\chunks\ssr\src_lib_public-marketplace_queries_ts_0fv7__0._.js:1:71028)
    at N (C:\Users\PC\Documents\Saas Dev Build\propvora-final-release-v.1.0\.next\server\chunks\ssr\src_lib_public-marketplace_queries_ts_0fv7__0._.js:1:71104)
    at Module.s [as generateMetadata] (C:\Users\PC\Documents\Saas Dev Build\propvora-final-release-v.1.0\.next\server\chunks\ssr\[root-of-the-server]__1qu_yj9._.js:1:16329) {
  description: "Route /services/[slug] couldn't be rendered statically because it used `cookies`. See more info here: https://nextjs.org/docs/messages/dynamic-server-error",
  digest: 'DYNAMIC_SERVER_USAGE'
}
[public-marketplace] unexpected error loading live data: Error: Dynamic server usage: Route /services/[slug] couldn't be rendered statically because it used `cookies`. See more info here: https://nextjs.org/docs/messages/dynamic-server-error
    at s (C:\Users\PC\Documents\Saas Dev Build\propvora-final-release-v.1.0\.next\server\chunks\ssr\_1p7_fnh._.js:1:7763)
    at G (C:\Users\PC\Documents\Saas Dev Build\propvora-final-release-v.1.0\.next\server\chunks\ssr\src_lib_public-marketplace_queries_ts_0fv7__0._.js:1:65892)
    at M (C:\Users\PC\Documents\Saas Dev Build\propvora-final-release-v.1.0\.next\server\chunks\ssr\src_lib_public-marketplace_queries_ts_0fv7__0._.js:1:71028)
    at N (C:\Users\PC\Documents\Saas Dev Build\propvora-final-release-v.1.0\.next\server\chunks\ssr\src_lib_public-marketplace_queries_ts_0fv7__0._.js:1:71104)
    at v (C:\Users\PC\Documents\Saas Dev Build\propvora-final-release-v.1.0\.next\server\chunks\ssr\[root-of-the-server]__1qu_yj9._.js:1:17051) {
  description: "Route /services/[slug] couldn't be rendered statically because it used `cookies`. See more info here: https://nextjs.org/docs/messages/dynamic-server-error",
  digest: 'DYNAMIC_SERVER_USAGE'
}
[public-marketplace] unexpected error loading live data: Error: Dynamic server usage: Route /services/[slug] couldn't be rendered statically because it used `cookies`. See more info here: https://nextjs.org/docs/messages/dynamic-server-error
    at s (C:\Users\PC\Documents\Saas Dev Build\propvora-final-release-v.1.0\.next\server\chunks\ssr\_1p7_fnh._.js:1:7763)
    at G (C:\Users\PC\Documents\Saas Dev Build\propvora-final-release-v.1.0\.next\server\chunks\ssr\src_lib_public-marketplace_queries_ts_0fv7__0._.js:1:65892)
    at M (C:\Users\PC\Documents\Saas Dev Build\propvora-final-release-v.1.0\.next\server\chunks\ssr\src_lib_public-marketplace_queries_ts_0fv7__0._.js:1:71028)
    at N (C:\Users\PC\Documents\Saas Dev Build\propvora-final-release-v.1.0\.next\server\chunks\ssr\src_lib_public-marketplace_queries_ts_0fv7__0._.js:1:71104)
    at Module.s [as generateMetadata] (C:\Users\PC\Documents\Saas Dev Build\propvora-final-release-v.1.0\.next\server\chunks\ssr\[root-of-the-server]__1qu_yj9._.js:1:16329) {
  description: "Route /services/[slug] couldn't be rendered statically because it used `cookies`. See more info here: https://nextjs.org/docs/messages/dynamic-server-error",
  digest: 'DYNAMIC_SERVER_USAGE'
}
[public-marketplace] unexpected error loading live data: Error: Dynamic server usage: Route /emergency/[slug] couldn't be rendered statically because it used `cookies`. See more info here: https://nextjs.org/docs/messages/dynamic-server-error
    at s (C:\Users\PC\Documents\Saas Dev Build\propvora-final-release-v.1.0\.next\server\chunks\ssr\_1p7_fnh._.js:1:7763)
    at G (C:\Users\PC\Documents\Saas Dev Build\propvora-final-release-v.1.0\.next\server\chunks\ssr\src_lib_public-marketplace_queries_ts_0fv7__0._.js:1:65892)
    at P (C:\Users\PC\Documents\Saas Dev Build\propvora-final-release-v.1.0\.next\server\chunks\ssr\src_lib_public-marketplace_queries_ts_0fv7__0._.js:1:71260)
    at Q (C:\Users\PC\Documents\Saas Dev Build\propvora-final-release-v.1.0\.next\server\chunks\ssr\src_lib_public-marketplace_queries_ts_0fv7__0._.js:1:71358)
    at x (C:\Users\PC\Documents\Saas Dev Build\propvora-final-release-v.1.0\.next\server\chunks\ssr\[root-of-the-server]__16egb5r._.js:1:17554) {
  description: "Route /emergency/[slug] couldn't be rendered statically because it used `cookies`. See more info here: https://nextjs.org/docs/messages/dynamic-server-error",
  digest: 'DYNAMIC_SERVER_USAGE'
}
[public-marketplace] unexpected error loading live data: Error: Dynamic server usage: Route /emergency/[slug] couldn't be rendered statically because it used `cookies`. See more info here: https://nextjs.org/docs/messages/dynamic-server-error
    at s (C:\Users\PC\Documents\Saas Dev Build\propvora-final-release-v.1.0\.next\server\chunks\ssr\_1p7_fnh._.js:1:7763)
    at G (C:\Users\PC\Documents\Saas Dev Build\propvora-final-release-v.1.0\.next\server\chunks\ssr\src_lib_public-marketplace_queries_ts_0fv7__0._.js:1:65892)
    at P (C:\Users\PC\Documents\Saas Dev Build\propvora-final-release-v.1.0\.next\server\chunks\ssr\src_lib_public-marketplace_queries_ts_0fv7__0._.js:1:71260)
    at x (C:\Users\PC\Documents\Saas Dev Build\propvora-final-release-v.1.0\.next\server\chunks\ssr\[root-of-the-server]__16egb5r._.js:1:17590) {
  description: "Route /emergency/[slug] couldn't be rendered statically because it used `cookies`. See more info here: https://nextjs.org/docs/messages/dynamic-server-error",
  digest: 'DYNAMIC_SERVER_USAGE'
}
[public-marketplace] unexpected error loading live data: Error: Dynamic server usage: Route /emergency/[slug] couldn't be rendered statically because it used `cookies`. See more info here: https://nextjs.org/docs/messages/dynamic-server-error
    at s (C:\Users\PC\Documents\Saas Dev Build\propvora-final-release-v.1.0\.next\server\chunks\ssr\_1p7_fnh._.js:1:7763)
    at G (C:\Users\PC\Documents\Saas Dev Build\propvora-final-release-v.1.0\.next\server\chunks\ssr\src_lib_public-marketplace_queries_ts_0fv7__0._.js:1:65892)
    at P (C:\Users\PC\Documents\Saas Dev Build\propvora-final-release-v.1.0\.next\server\chunks\ssr\src_lib_public-marketplace_queries_ts_0fv7__0._.js:1:71260)
    at Q (C:\Users\PC\Documents\Saas Dev Build\propvora-final-release-v.1.0\.next\server\chunks\ssr\src_lib_public-marketplace_queries_ts_0fv7__0._.js:1:71358)
    at Module.v [as generateMetadata] (C:\Users\PC\Documents\Saas Dev Build\propvora-final-release-v.1.0\.next\server\chunks\ssr\[root-of-the-server]__16egb5r._.js:1:17267) {
  description: "Route /emergency/[slug] couldn't be rendered statically because it used `cookies`. See more info here: https://nextjs.org/docs/messages/dynamic-server-error",
  digest: 'DYNAMIC_SERVER_USAGE'
}
[public-marketplace] unexpected error loading live data: Error: Dynamic server usage: Route /services couldn't be rendered statically because it used `cookies`. See more info here: https://nextjs.org/docs/messages/dynamic-server-error
    at s (C:\Users\PC\Documents\Saas Dev Build\propvora-final-release-v.1.0\.next\server\chunks\ssr\_1p7_fnh._.js:1:7763)
    at G (C:\Users\PC\Documents\Saas Dev Build\propvora-final-release-v.1.0\.next\server\chunks\ssr\src_lib_public-marketplace_queries_ts_0fv7__0._.js:1:65892)
    at M (C:\Users\PC\Documents\Saas Dev Build\propvora-final-release-v.1.0\.next\server\chunks\ssr\src_lib_public-marketplace_queries_ts_0fv7__0._.js:1:71028)
    at p (C:\Users\PC\Documents\Saas Dev Build\propvora-final-release-v.1.0\.next\server\chunks\ssr\[root-of-the-server]__1p2k4ps._.js:1:23674) {
  description: "Route /services couldn't be rendered statically because it used `cookies`. See more info here: https://nextjs.org/docs/messages/dynamic-server-error",
  digest: 'DYNAMIC_SERVER_USAGE'
}
[public-marketplace] unexpected error loading live data: Error: Dynamic server usage: Route /services couldn't be rendered statically because it used `cookies`. See more info here: https://nextjs.org/docs/messages/dynamic-server-error
    at s (C:\Users\PC\Documents\Saas Dev Build\propvora-final-release-v.1.0\.next\server\chunks\ssr\_1p7_fnh._.js:1:7763)
    at G (C:\Users\PC\Documents\Saas Dev Build\propvora-final-release-v.1.0\.next\server\chunks\ssr\src_lib_public-marketplace_queries_ts_0fv7__0._.js:1:65892)
    at M (C:\Users\PC\Documents\Saas Dev Build\propvora-final-release-v.1.0\.next\server\chunks\ssr\src_lib_public-marketplace_queries_ts_0fv7__0._.js:1:71028)
    at O (C:\Users\PC\Documents\Saas Dev Build\propvora-final-release-v.1.0\.next\server\chunks\ssr\src_lib_public-marketplace_queries_ts_0fv7__0._.js:1:71166)
    at p (C:\Users\PC\Documents\Saas Dev Build\propvora-final-release-v.1.0\.next\server\chunks\ssr\[root-of-the-server]__1p2k4ps._.js:1:23707) {
  description: "Route /services couldn't be rendered statically because it used `cookies`. See more info here: https://nextjs.org/docs/messages/dynamic-server-error",
  digest: 'DYNAMIC_SERVER_USAGE'
}
[public-marketplace] unexpected error loading live data: Error: Dynamic server usage: Route /emergency/[slug] couldn't be rendered statically because it used `cookies`. See more info here: https://nextjs.org/docs/messages/dynamic-server-error
    at s (C:\Users\PC\Documents\Saas Dev Build\propvora-final-release-v.1.0\.next\server\chunks\ssr\_1p7_fnh._.js:1:7763)
    at G (C:\Users\PC\Documents\Saas Dev Build\propvora-final-release-v.1.0\.next\server\chunks\ssr\src_lib_public-marketplace_queries_ts_0fv7__0._.js:1:65892)
    at P (C:\Users\PC\Documents\Saas Dev Build\propvora-final-release-v.1.0\.next\server\chunks\ssr\src_lib_public-marketplace_queries_ts_0fv7__0._.js:1:71260)
    at Q (C:\Users\PC\Documents\Saas Dev Build\propvora-final-release-v.1.0\.next\server\chunks\ssr\src_lib_public-marketplace_queries_ts_0fv7__0._.js:1:71358)
    at x (C:\Users\PC\Documents\Saas Dev Build\propvora-final-release-v.1.0\.next\server\chunks\ssr\[root-of-the-server]__16egb5r._.js:1:17554) {
  description: "Route /emergency/[slug] couldn't be rendered statically because it used `cookies`. See more info here: https://nextjs.org/docs/messages/dynamic-server-error",
  digest: 'DYNAMIC_SERVER_USAGE'
}
[public-marketplace] unexpected error loading live data: Error: Dynamic server usage: Route /emergency/[slug] couldn't be rendered statically because it used `cookies`. See more info here: https://nextjs.org/docs/messages/dynamic-server-error
    at s (C:\Users\PC\Documents\Saas Dev Build\propvora-final-release-v.1.0\.next\server\chunks\ssr\_1p7_fnh._.js:1:7763)
    at G (C:\Users\PC\Documents\Saas Dev Build\propvora-final-release-v.1.0\.next\server\chunks\ssr\src_lib_public-marketplace_queries_ts_0fv7__0._.js:1:65892)
    at P (C:\Users\PC\Documents\Saas Dev Build\propvora-final-release-v.1.0\.next\server\chunks\ssr\src_lib_public-marketplace_queries_ts_0fv7__0._.js:1:71260)
    at x (C:\Users\PC\Documents\Saas Dev Build\propvora-final-release-v.1.0\.next\server\chunks\ssr\[root-of-the-server]__16egb5r._.js:1:17590) {
  description: "Route /emergency/[slug] couldn't be rendered statically because it used `cookies`. See more info here: https://nextjs.org/docs/messages/dynamic-server-error",
  digest: 'DYNAMIC_SERVER_USAGE'
}
[public-marketplace] unexpected error loading live data: Error: Dynamic server usage: Route /emergency/[slug] couldn't be rendered statically because it used `cookies`. See more info here: https://nextjs.org/docs/messages/dynamic-server-error
    at s (C:\Users\PC\Documents\Saas Dev Build\propvora-final-release-v.1.0\.next\server\chunks\ssr\_1p7_fnh._.js:1:7763)
    at G (C:\Users\PC\Documents\Saas Dev Build\propvora-final-release-v.1.0\.next\server\chunks\ssr\src_lib_public-marketplace_queries_ts_0fv7__0._.js:1:65892)
    at P (C:\Users\PC\Documents\Saas Dev Build\propvora-final-release-v.1.0\.next\server\chunks\ssr\src_lib_public-marketplace_queries_ts_0fv7__0._.js:1:71260)
    at Q (C:\Users\PC\Documents\Saas Dev Build\propvora-final-release-v.1.0\.next\server\chunks\ssr\src_lib_public-marketplace_queries_ts_0fv7__0._.js:1:71358)
    at Module.v [as generateMetadata] (C:\Users\PC\Documents\Saas Dev Build\propvora-final-release-v.1.0\.next\server\chunks\ssr\[root-of-the-server]__16egb5r._.js:1:17267) {
  description: "Route /emergency/[slug] couldn't be rendered statically because it used `cookies`. See more info here: https://nextjs.org/docs/messages/dynamic-server-error",
  digest: 'DYNAMIC_SERVER_USAGE'
}
[public-marketplace] unexpected error loading live data: Error: Dynamic server usage: Route /emergency/[slug] couldn't be rendered statically because it used `cookies`. See more info here: https://nextjs.org/docs/messages/dynamic-server-error
    at s (C:\Users\PC\Documents\Saas Dev Build\propvora-final-release-v.1.0\.next\server\chunks\ssr\_1p7_fnh._.js:1:7763)
    at G (C:\Users\PC\Documents\Saas Dev Build\propvora-final-release-v.1.0\.next\server\chunks\ssr\src_lib_public-marketplace_queries_ts_0fv7__0._.js:1:65892)
    at P (C:\Users\PC\Documents\Saas Dev Build\propvora-final-release-v.1.0\.next\server\chunks\ssr\src_lib_public-marketplace_queries_ts_0fv7__0._.js:1:71260)
    at Q (C:\Users\PC\Documents\Saas Dev Build\propvora-final-release-v.1.0\.next\server\chunks\ssr\src_lib_public-marketplace_queries_ts_0fv7__0._.js:1:71358)
    at x (C:\Users\PC\Documents\Saas Dev Build\propvora-final-release-v.1.0\.next\server\chunks\ssr\[root-of-the-server]__16egb5r._.js:1:17554) {
  description: "Route /emergency/[slug] couldn't be rendered statically because it used `cookies`. See more info here: https://nextjs.org/docs/messages/dynamic-server-error",
  digest: 'DYNAMIC_SERVER_USAGE'
}
[public-marketplace] unexpected error loading live data: Error: Dynamic server usage: Route /emergency/[slug] couldn't be rendered statically because it used `cookies`. See more info here: https://nextjs.org/docs/messages/dynamic-server-error
    at s (C:\Users\PC\Documents\Saas Dev Build\propvora-final-release-v.1.0\.next\server\chunks\ssr\_1p7_fnh._.js:1:7763)
    at G (C:\Users\PC\Documents\Saas Dev Build\propvora-final-release-v.1.0\.next\server\chunks\ssr\src_lib_public-marketplace_queries_ts_0fv7__0._.js:1:65892)
    at P (C:\Users\PC\Documents\Saas Dev Build\propvora-final-release-v.1.0\.next\server\chunks\ssr\src_lib_public-marketplace_queries_ts_0fv7__0._.js:1:71260)
    at x (C:\Users\PC\Documents\Saas Dev Build\propvora-final-release-v.1.0\.next\server\chunks\ssr\[root-of-the-server]__16egb5r._.js:1:17590) {
  description: "Route /emergency/[slug] couldn't be rendered statically because it used `cookies`. See more info here: https://nextjs.org/docs/messages/dynamic-server-error",
  digest: 'DYNAMIC_SERVER_USAGE'
}
[public-marketplace] unexpected error loading live data: Error: Dynamic server usage: Route /emergency/[slug] couldn't be rendered statically because it used `cookies`. See more info here: https://nextjs.org/docs/messages/dynamic-server-error
    at s (C:\Users\PC\Documents\Saas Dev Build\propvora-final-release-v.1.0\.next\server\chunks\ssr\_1p7_fnh._.js:1:7763)
    at G (C:\Users\PC\Documents\Saas Dev Build\propvora-final-release-v.1.0\.next\server\chunks\ssr\src_lib_public-marketplace_queries_ts_0fv7__0._.js:1:65892)
    at P (C:\Users\PC\Documents\Saas Dev Build\propvora-final-release-v.1.0\.next\server\chunks\ssr\src_lib_public-marketplace_queries_ts_0fv7__0._.js:1:71260)
    at Q (C:\Users\PC\Documents\Saas Dev Build\propvora-final-release-v.1.0\.next\server\chunks\ssr\src_lib_public-marketplace_queries_ts_0fv7__0._.js:1:71358)
    at Module.v [as generateMetadata] (C:\Users\PC\Documents\Saas Dev Build\propvora-final-release-v.1.0\.next\server\chunks\ssr\[root-of-the-server]__16egb5r._.js:1:17267) {
  description: "Route /emergency/[slug] couldn't be rendered statically because it used `cookies`. See more info here: https://nextjs.org/docs/messages/dynamic-server-error",
  digest: 'DYNAMIC_SERVER_USAGE'
}
[public-marketplace] unexpected error loading live data: Error: Dynamic server usage: Route /emergency/[slug] couldn't be rendered statically because it used `cookies`. See more info here: https://nextjs.org/docs/messages/dynamic-server-error
    at s (C:\Users\PC\Documents\Saas Dev Build\propvora-final-release-v.1.0\.next\server\chunks\ssr\_1p7_fnh._.js:1:7763)
    at G (C:\Users\PC\Documents\Saas Dev Build\propvora-final-release-v.1.0\.next\server\chunks\ssr\src_lib_public-marketplace_queries_ts_0fv7__0._.js:1:65892)
    at P (C:\Users\PC\Documents\Saas Dev Build\propvora-final-release-v.1.0\.next\server\chunks\ssr\src_lib_public-marketplace_queries_ts_0fv7__0._.js:1:71260)
    at Q (C:\Users\PC\Documents\Saas Dev Build\propvora-final-release-v.1.0\.next\server\chunks\ssr\src_lib_public-marketplace_queries_ts_0fv7__0._.js:1:71358)
    at x (C:\Users\PC\Documents\Saas Dev Build\propvora-final-release-v.1.0\.next\server\chunks\ssr\[root-of-the-server]__16egb5r._.js:1:17554) {
  description: "Route /emergency/[slug] couldn't be rendered statically because it used `cookies`. See more info here: https://nextjs.org/docs/messages/dynamic-server-error",
  digest: 'DYNAMIC_SERVER_USAGE'
}
[public-marketplace] unexpected error loading live data: Error: Dynamic server usage: Route /emergency/[slug] couldn't be rendered statically because it used `cookies`. See more info here: https://nextjs.org/docs/messages/dynamic-server-error
    at s (C:\Users\PC\Documents\Saas Dev Build\propvora-final-release-v.1.0\.next\server\chunks\ssr\_1p7_fnh._.js:1:7763)
    at G (C:\Users\PC\Documents\Saas Dev Build\propvora-final-release-v.1.0\.next\server\chunks\ssr\src_lib_public-marketplace_queries_ts_0fv7__0._.js:1:65892)
    at P (C:\Users\PC\Documents\Saas Dev Build\propvora-final-release-v.1.0\.next\server\chunks\ssr\src_lib_public-marketplace_queries_ts_0fv7__0._.js:1:71260)
    at x (C:\Users\PC\Documents\Saas Dev Build\propvora-final-release-v.1.0\.next\server\chunks\ssr\[root-of-the-server]__16egb5r._.js:1:17590) {
  description: "Route /emergency/[slug] couldn't be rendered statically because it used `cookies`. See more info here: https://nextjs.org/docs/messages/dynamic-server-error",
  digest: 'DYNAMIC_SERVER_USAGE'
}
[public-marketplace] unexpected error loading live data: Error: Dynamic server usage: Route /emergency/[slug] couldn't be rendered statically because it used `cookies`. See more info here: https://nextjs.org/docs/messages/dynamic-server-error
    at s (C:\Users\PC\Documents\Saas Dev Build\propvora-final-release-v.1.0\.next\server\chunks\ssr\_1p7_fnh._.js:1:7763)
    at G (C:\Users\PC\Documents\Saas Dev Build\propvora-final-release-v.1.0\.next\server\chunks\ssr\src_lib_public-marketplace_queries_ts_0fv7__0._.js:1:65892)
    at P (C:\Users\PC\Documents\Saas Dev Build\propvora-final-release-v.1.0\.next\server\chunks\ssr\src_lib_public-marketplace_queries_ts_0fv7__0._.js:1:71260)
    at Q (C:\Users\PC\Documents\Saas Dev Build\propvora-final-release-v.1.0\.next\server\chunks\ssr\src_lib_public-marketplace_queries_ts_0fv7__0._.js:1:71358)
    at Module.v [as generateMetadata] (C:\Users\PC\Documents\Saas Dev Build\propvora-final-release-v.1.0\.next\server\chunks\ssr\[root-of-the-server]__16egb5r._.js:1:17267) {
  description: "Route /emergency/[slug] couldn't be rendered statically because it used `cookies`. See more info here: https://nextjs.org/docs/messages/dynamic-server-error",
  digest: 'DYNAMIC_SERVER_USAGE'
}
[public-marketplace] unexpected error loading live data: Error: Dynamic server usage: Route /emergency/[slug] couldn't be rendered statically because it used `cookies`. See more info here: https://nextjs.org/docs/messages/dynamic-server-error
    at s (C:\Users\PC\Documents\Saas Dev Build\propvora-final-release-v.1.0\.next\server\chunks\ssr\_1p7_fnh._.js:1:7763)
    at G (C:\Users\PC\Documents\Saas Dev Build\propvora-final-release-v.1.0\.next\server\chunks\ssr\src_lib_public-marketplace_queries_ts_0fv7__0._.js:1:65892)
    at P (C:\Users\PC\Documents\Saas Dev Build\propvora-final-release-v.1.0\.next\server\chunks\ssr\src_lib_public-marketplace_queries_ts_0fv7__0._.js:1:71260)
    at Q (C:\Users\PC\Documents\Saas Dev Build\propvora-final-release-v.1.0\.next\server\chunks\ssr\src_lib_public-marketplace_queries_ts_0fv7__0._.js:1:71358)
    at x (C:\Users\PC\Documents\Saas Dev Build\propvora-final-release-v.1.0\.next\server\chunks\ssr\[root-of-the-server]__16egb5r._.js:1:17554) {
  description: "Route /emergency/[slug] couldn't be rendered statically because it used `cookies`. See more info here: https://nextjs.org/docs/messages/dynamic-server-error",
  digest: 'DYNAMIC_SERVER_USAGE'
}
[public-marketplace] unexpected error loading live data: Error: Dynamic server usage: Route /emergency/[slug] couldn't be rendered statically because it used `cookies`. See more info here: https://nextjs.org/docs/messages/dynamic-server-error
    at s (C:\Users\PC\Documents\Saas Dev Build\propvora-final-release-v.1.0\.next\server\chunks\ssr\_1p7_fnh._.js:1:7763)
    at G (C:\Users\PC\Documents\Saas Dev Build\propvora-final-release-v.1.0\.next\server\chunks\ssr\src_lib_public-marketplace_queries_ts_0fv7__0._.js:1:65892)
    at P (C:\Users\PC\Documents\Saas Dev Build\propvora-final-release-v.1.0\.next\server\chunks\ssr\src_lib_public-marketplace_queries_ts_0fv7__0._.js:1:71260)
    at x (C:\Users\PC\Documents\Saas Dev Build\propvora-final-release-v.1.0\.next\server\chunks\ssr\[root-of-the-server]__16egb5r._.js:1:17590) {
  description: "Route /emergency/[slug] couldn't be rendered statically because it used `cookies`. See more info here: https://nextjs.org/docs/messages/dynamic-server-error",
  digest: 'DYNAMIC_SERVER_USAGE'
}
[public-marketplace] unexpected error loading live data: Error: Dynamic server usage: Route /emergency/[slug] couldn't be rendered statically because it used `cookies`. See more info here: https://nextjs.org/docs/messages/dynamic-server-error
    at s (C:\Users\PC\Documents\Saas Dev Build\propvora-final-release-v.1.0\.next\server\chunks\ssr\_1p7_fnh._.js:1:7763)
    at G (C:\Users\PC\Documents\Saas Dev Build\propvora-final-release-v.1.0\.next\server\chunks\ssr\src_lib_public-marketplace_queries_ts_0fv7__0._.js:1:65892)
    at P (C:\Users\PC\Documents\Saas Dev Build\propvora-final-release-v.1.0\.next\server\chunks\ssr\src_lib_public-marketplace_queries_ts_0fv7__0._.js:1:71260)
    at Q (C:\Users\PC\Documents\Saas Dev Build\propvora-final-release-v.1.0\.next\server\chunks\ssr\src_lib_public-marketplace_queries_ts_0fv7__0._.js:1:71358)
    at Module.v [as generateMetadata] (C:\Users\PC\Documents\Saas Dev Build\propvora-final-release-v.1.0\.next\server\chunks\ssr\[root-of-the-server]__16egb5r._.js:1:17267) {
  description: "Route /emergency/[slug] couldn't be rendered statically because it used `cookies`. See more info here: https://nextjs.org/docs/messages/dynamic-server-error",
  digest: 'DYNAMIC_SERVER_USAGE'
}
[public-marketplace] unexpected error loading live data: Error: Dynamic server usage: Route /emergency/[slug] couldn't be rendered statically because it used `cookies`. See more info here: https://nextjs.org/docs/messages/dynamic-server-error
    at s (C:\Users\PC\Documents\Saas Dev Build\propvora-final-release-v.1.0\.next\server\chunks\ssr\_1p7_fnh._.js:1:7763)
    at G (C:\Users\PC\Documents\Saas Dev Build\propvora-final-release-v.1.0\.next\server\chunks\ssr\src_lib_public-marketplace_queries_ts_0fv7__0._.js:1:65892)
    at P (C:\Users\PC\Documents\Saas Dev Build\propvora-final-release-v.1.0\.next\server\chunks\ssr\src_lib_public-marketplace_queries_ts_0fv7__0._.js:1:71260)
    at Q (C:\Users\PC\Documents\Saas Dev Build\propvora-final-release-v.1.0\.next\server\chunks\ssr\src_lib_public-marketplace_queries_ts_0fv7__0._.js:1:71358)
    at x (C:\Users\PC\Documents\Saas Dev Build\propvora-final-release-v.1.0\.next\server\chunks\ssr\[root-of-the-server]__16egb5r._.js:1:17554) {
  description: "Route /emergency/[slug] couldn't be rendered statically because it used `cookies`. See more info here: https://nextjs.org/docs/messages/dynamic-server-error",
  digest: 'DYNAMIC_SERVER_USAGE'
}
[public-marketplace] unexpected error loading live data: Error: Dynamic server usage: Route /emergency/[slug] couldn't be rendered statically because it used `cookies`. See more info here: https://nextjs.org/docs/messages/dynamic-server-error
    at s (C:\Users\PC\Documents\Saas Dev Build\propvora-final-release-v.1.0\.next\server\chunks\ssr\_1p7_fnh._.js:1:7763)
    at G (C:\Users\PC\Documents\Saas Dev Build\propvora-final-release-v.1.0\.next\server\chunks\ssr\src_lib_public-marketplace_queries_ts_0fv7__0._.js:1:65892)
    at P (C:\Users\PC\Documents\Saas Dev Build\propvora-final-release-v.1.0\.next\server\chunks\ssr\src_lib_public-marketplace_queries_ts_0fv7__0._.js:1:71260)
    at x (C:\Users\PC\Documents\Saas Dev Build\propvora-final-release-v.1.0\.next\server\chunks\ssr\[root-of-the-server]__16egb5r._.js:1:17590) {
  description: "Route /emergency/[slug] couldn't be rendered statically because it used `cookies`. See more info here: https://nextjs.org/docs/messages/dynamic-server-error",
  digest: 'DYNAMIC_SERVER_USAGE'
}
[public-marketplace] unexpected error loading live data: Error: Dynamic server usage: Route /emergency/[slug] couldn't be rendered statically because it used `cookies`. See more info here: https://nextjs.org/docs/messages/dynamic-server-error
    at s (C:\Users\PC\Documents\Saas Dev Build\propvora-final-release-v.1.0\.next\server\chunks\ssr\_1p7_fnh._.js:1:7763)
    at G (C:\Users\PC\Documents\Saas Dev Build\propvora-final-release-v.1.0\.next\server\chunks\ssr\src_lib_public-marketplace_queries_ts_0fv7__0._.js:1:65892)
    at P (C:\Users\PC\Documents\Saas Dev Build\propvora-final-release-v.1.0\.next\server\chunks\ssr\src_lib_public-marketplace_queries_ts_0fv7__0._.js:1:71260)
    at Q (C:\Users\PC\Documents\Saas Dev Build\propvora-final-release-v.1.0\.next\server\chunks\ssr\src_lib_public-marketplace_queries_ts_0fv7__0._.js:1:71358)
    at Module.v [as generateMetadata] (C:\Users\PC\Documents\Saas Dev Build\propvora-final-release-v.1.0\.next\server\chunks\ssr\[root-of-the-server]__16egb5r._.js:1:17267) {
  description: "Route /emergency/[slug] couldn't be rendered statically because it used `cookies`. See more info here: https://nextjs.org/docs/messages/dynamic-server-error",
  digest: 'DYNAMIC_SERVER_USAGE'
}
[public-marketplace] unexpected error loading live data: Error: Dynamic server usage: Route /emergency couldn't be rendered statically because it used `cookies`. See more info here: https://nextjs.org/docs/messages/dynamic-server-error
    at s (C:\Users\PC\Documents\Saas Dev Build\propvora-final-release-v.1.0\.next\server\chunks\ssr\_1p7_fnh._.js:1:7763)
    at G (C:\Users\PC\Documents\Saas Dev Build\propvora-final-release-v.1.0\.next\server\chunks\ssr\src_lib_public-marketplace_queries_ts_0fv7__0._.js:1:65892)
    at P (C:\Users\PC\Documents\Saas Dev Build\propvora-final-release-v.1.0\.next\server\chunks\ssr\src_lib_public-marketplace_queries_ts_0fv7__0._.js:1:71260)
    at n (C:\Users\PC\Documents\Saas Dev Build\propvora-final-release-v.1.0\.next\server\chunks\ssr\[root-of-the-server]__1d6fi-6._.js:1:25009) {
  description: "Route /emergency couldn't be rendered statically because it used `cookies`. See more info here: https://nextjs.org/docs/messages/dynamic-server-error",
  digest: 'DYNAMIC_SERVER_USAGE'
}
  Generating static pages using 27 workers (232/465) 
[public-marketplace] unexpected error loading live data: Error: Dynamic server usage: Route /suppliers couldn't be rendered statically because it used `cookies`. See more info here: https://nextjs.org/docs/messages/dynamic-server-error
    at s (C:\Users\PC\Documents\Saas Dev Build\propvora-final-release-v.1.0\.next\server\chunks\ssr\_1p7_fnh._.js:1:7763)
    at G (C:\Users\PC\Documents\Saas Dev Build\propvora-final-release-v.1.0\.next\server\chunks\ssr\src_lib_public-marketplace_queries_ts_0fv7__0._.js:1:65892)
    at J (C:\Users\PC\Documents\Saas Dev Build\propvora-final-release-v.1.0\.next\server\chunks\ssr\src_lib_public-marketplace_queries_ts_0fv7__0._.js:1:70790)
    at r (C:\Users\PC\Documents\Saas Dev Build\propvora-final-release-v.1.0\.next\server\chunks\ssr\[root-of-the-server]__0qslnj-._.js:1:24084) {
  description: "Route /suppliers couldn't be rendered statically because it used `cookies`. See more info here: https://nextjs.org/docs/messages/dynamic-server-error",
  digest: 'DYNAMIC_SERVER_USAGE'
}
[public-marketplace] unexpected error loading live data: Error: Dynamic server usage: Route /suppliers couldn't be rendered statically because it used `cookies`. See more info here: https://nextjs.org/docs/messages/dynamic-server-error
    at s (C:\Users\PC\Documents\Saas Dev Build\propvora-final-release-v.1.0\.next\server\chunks\ssr\_1p7_fnh._.js:1:7763)
    at G (C:\Users\PC\Documents\Saas Dev Build\propvora-final-release-v.1.0\.next\server\chunks\ssr\src_lib_public-marketplace_queries_ts_0fv7__0._.js:1:65892)
    at J (C:\Users\PC\Documents\Saas Dev Build\propvora-final-release-v.1.0\.next\server\chunks\ssr\src_lib_public-marketplace_queries_ts_0fv7__0._.js:1:70790)
    at L (C:\Users\PC\Documents\Saas Dev Build\propvora-final-release-v.1.0\.next\server\chunks\ssr\src_lib_public-marketplace_queries_ts_0fv7__0._.js:1:70934)
    at r (C:\Users\PC\Documents\Saas Dev Build\propvora-final-release-v.1.0\.next\server\chunks\ssr\[root-of-the-server]__0qslnj-._.js:1:24113) {
  description: "Route /suppliers couldn't be rendered statically because it used `cookies`. See more info here: https://nextjs.org/docs/messages/dynamic-server-error",
  digest: 'DYNAMIC_SERVER_USAGE'
}
[public-marketplace] unexpected error loading live data: Error: Dynamic server usage: Route /providers/[slug] couldn't be rendered statically because it used `cookies`. See more info here: https://nextjs.org/docs/messages/dynamic-server-error
    at s (C:\Users\PC\Documents\Saas Dev Build\propvora-final-release-v.1.0\.next\server\chunks\ssr\_1p7_fnh._.js:1:7763)
    at G (C:\Users\PC\Documents\Saas Dev Build\propvora-final-release-v.1.0\.next\server\chunks\ssr\src_lib_public-marketplace_queries_ts_0fv7__0._.js:1:65892)
    at J (C:\Users\PC\Documents\Saas Dev Build\propvora-final-release-v.1.0\.next\server\chunks\ssr\src_lib_public-marketplace_queries_ts_0fv7__0._.js:1:70790)
    at K (C:\Users\PC\Documents\Saas Dev Build\propvora-final-release-v.1.0\.next\server\chunks\ssr\src_lib_public-marketplace_queries_ts_0fv7__0._.js:1:70872)
    at w (C:\Users\PC\Documents\Saas Dev Build\propvora-final-release-v.1.0\.next\server\chunks\ssr\src_app_providers_[slug]_page_tsx_1duirwy._.js:1:797) {
  description: "Route /providers/[slug] couldn't be rendered statically because it used `cookies`. See more info here: https://nextjs.org/docs/messages/dynamic-server-error",
  digest: 'DYNAMIC_SERVER_USAGE'
}
[public-marketplace] unexpected error loading live data: Error: Dynamic server usage: Route /providers/[slug] couldn't be rendered statically because it used `cookies`. See more info here: https://nextjs.org/docs/messages/dynamic-server-error
    at s (C:\Users\PC\Documents\Saas Dev Build\propvora-final-release-v.1.0\.next\server\chunks\ssr\_1p7_fnh._.js:1:7763)
    at G (C:\Users\PC\Documents\Saas Dev Build\propvora-final-release-v.1.0\.next\server\chunks\ssr\src_lib_public-marketplace_queries_ts_0fv7__0._.js:1:65892)
    at J (C:\Users\PC\Documents\Saas Dev Build\propvora-final-release-v.1.0\.next\server\chunks\ssr\src_lib_public-marketplace_queries_ts_0fv7__0._.js:1:70790)
    at w (C:\Users\PC\Documents\Saas Dev Build\propvora-final-release-v.1.0\.next\server\chunks\ssr\src_app_providers_[slug]_page_tsx_1duirwy._.js:1:825) {
  description: "Route /providers/[slug] couldn't be rendered statically because it used `cookies`. See more info here: https://nextjs.org/docs/messages/dynamic-server-error",
  digest: 'DYNAMIC_SERVER_USAGE'
}
[public-marketplace] unexpected error loading live data: Error: Dynamic server usage: Route /providers/[slug] couldn't be rendered statically because it used `cookies`. See more info here: https://nextjs.org/docs/messages/dynamic-server-error
    at s (C:\Users\PC\Documents\Saas Dev Build\propvora-final-release-v.1.0\.next\server\chunks\ssr\_1p7_fnh._.js:1:7763)
    at G (C:\Users\PC\Documents\Saas Dev Build\propvora-final-release-v.1.0\.next\server\chunks\ssr\src_lib_public-marketplace_queries_ts_0fv7__0._.js:1:65892)
    at J (C:\Users\PC\Documents\Saas Dev Build\propvora-final-release-v.1.0\.next\server\chunks\ssr\src_lib_public-marketplace_queries_ts_0fv7__0._.js:1:70790)
    at K (C:\Users\PC\Documents\Saas Dev Build\propvora-final-release-v.1.0\.next\server\chunks\ssr\src_lib_public-marketplace_queries_ts_0fv7__0._.js:1:70872)
    at Module.u [as generateMetadata] (C:\Users\PC\Documents\Saas Dev Build\propvora-final-release-v.1.0\.next\server\chunks\ssr\src_app_providers_[slug]_page_tsx_1duirwy._.js:1:464) {
  description: "Route /providers/[slug] couldn't be rendered statically because it used `cookies`. See more info here: https://nextjs.org/docs/messages/dynamic-server-error",
  digest: 'DYNAMIC_SERVER_USAGE'
}
[public-marketplace] unexpected error loading live data: Error: Dynamic server usage: Route /providers/[slug] couldn't be rendered statically because it used `cookies`. See more info here: https://nextjs.org/docs/messages/dynamic-server-error
    at s (C:\Users\PC\Documents\Saas Dev Build\propvora-final-release-v.1.0\.next\server\chunks\ssr\_1p7_fnh._.js:1:7763)
    at G (C:\Users\PC\Documents\Saas Dev Build\propvora-final-release-v.1.0\.next\server\chunks\ssr\src_lib_public-marketplace_queries_ts_0fv7__0._.js:1:65892)
    at J (C:\Users\PC\Documents\Saas Dev Build\propvora-final-release-v.1.0\.next\server\chunks\ssr\src_lib_public-marketplace_queries_ts_0fv7__0._.js:1:70790)
    at K (C:\Users\PC\Documents\Saas Dev Build\propvora-final-release-v.1.0\.next\server\chunks\ssr\src_lib_public-marketplace_queries_ts_0fv7__0._.js:1:70872)
    at w (C:\Users\PC\Documents\Saas Dev Build\propvora-final-release-v.1.0\.next\server\chunks\ssr\src_app_providers_[slug]_page_tsx_1duirwy._.js:1:797) {
  description: "Route /providers/[slug] couldn't be rendered statically because it used `cookies`. See more info here: https://nextjs.org/docs/messages/dynamic-server-error",
  digest: 'DYNAMIC_SERVER_USAGE'
}
[public-marketplace] unexpected error loading live data: Error: Dynamic server usage: Route /providers/[slug] couldn't be rendered statically because it used `cookies`. See more info here: https://nextjs.org/docs/messages/dynamic-server-error
    at s (C:\Users\PC\Documents\Saas Dev Build\propvora-final-release-v.1.0\.next\server\chunks\ssr\_1p7_fnh._.js:1:7763)
    at G (C:\Users\PC\Documents\Saas Dev Build\propvora-final-release-v.1.0\.next\server\chunks\ssr\src_lib_public-marketplace_queries_ts_0fv7__0._.js:1:65892)
    at J (C:\Users\PC\Documents\Saas Dev Build\propvora-final-release-v.1.0\.next\server\chunks\ssr\src_lib_public-marketplace_queries_ts_0fv7__0._.js:1:70790)
    at w (C:\Users\PC\Documents\Saas Dev Build\propvora-final-release-v.1.0\.next\server\chunks\ssr\src_app_providers_[slug]_page_tsx_1duirwy._.js:1:825) {
  description: "Route /providers/[slug] couldn't be rendered statically because it used `cookies`. See more info here: https://nextjs.org/docs/messages/dynamic-server-error",
  digest: 'DYNAMIC_SERVER_USAGE'
}
[public-marketplace] unexpected error loading live data: Error: Dynamic server usage: Route /providers/[slug] couldn't be rendered statically because it used `cookies`. See more info here: https://nextjs.org/docs/messages/dynamic-server-error
    at s (C:\Users\PC\Documents\Saas Dev Build\propvora-final-release-v.1.0\.next\server\chunks\ssr\_1p7_fnh._.js:1:7763)
    at G (C:\Users\PC\Documents\Saas Dev Build\propvora-final-release-v.1.0\.next\server\chunks\ssr\src_lib_public-marketplace_queries_ts_0fv7__0._.js:1:65892)
    at J (C:\Users\PC\Documents\Saas Dev Build\propvora-final-release-v.1.0\.next\server\chunks\ssr\src_lib_public-marketplace_queries_ts_0fv7__0._.js:1:70790)
    at K (C:\Users\PC\Documents\Saas Dev Build\propvora-final-release-v.1.0\.next\server\chunks\ssr\src_lib_public-marketplace_queries_ts_0fv7__0._.js:1:70872)
    at Module.u [as generateMetadata] (C:\Users\PC\Documents\Saas Dev Build\propvora-final-release-v.1.0\.next\server\chunks\ssr\src_app_providers_[slug]_page_tsx_1duirwy._.js:1:464) {
  description: "Route /providers/[slug] couldn't be rendered statically because it used `cookies`. See more info here: https://nextjs.org/docs/messages/dynamic-server-error",
  digest: 'DYNAMIC_SERVER_USAGE'
}
[public-marketplace] unexpected error loading live data: Error: Dynamic server usage: Route /providers/[slug] couldn't be rendered statically because it used `cookies`. See more info here: https://nextjs.org/docs/messages/dynamic-server-error
    at s (C:\Users\PC\Documents\Saas Dev Build\propvora-final-release-v.1.0\.next\server\chunks\ssr\_1p7_fnh._.js:1:7763)
    at G (C:\Users\PC\Documents\Saas Dev Build\propvora-final-release-v.1.0\.next\server\chunks\ssr\src_lib_public-marketplace_queries_ts_0fv7__0._.js:1:65892)
    at J (C:\Users\PC\Documents\Saas Dev Build\propvora-final-release-v.1.0\.next\server\chunks\ssr\src_lib_public-marketplace_queries_ts_0fv7__0._.js:1:70790)
    at K (C:\Users\PC\Documents\Saas Dev Build\propvora-final-release-v.1.0\.next\server\chunks\ssr\src_lib_public-marketplace_queries_ts_0fv7__0._.js:1:70872)
    at w (C:\Users\PC\Documents\Saas Dev Build\propvora-final-release-v.1.0\.next\server\chunks\ssr\src_app_providers_[slug]_page_tsx_1duirwy._.js:1:797) {
  description: "Route /providers/[slug] couldn't be rendered statically because it used `cookies`. See more info here: https://nextjs.org/docs/messages/dynamic-server-error",
  digest: 'DYNAMIC_SERVER_USAGE'
}
[public-marketplace] unexpected error loading live data: Error: Dynamic server usage: Route /providers/[slug] couldn't be rendered statically because it used `cookies`. See more info here: https://nextjs.org/docs/messages/dynamic-server-error
    at s (C:\Users\PC\Documents\Saas Dev Build\propvora-final-release-v.1.0\.next\server\chunks\ssr\_1p7_fnh._.js:1:7763)
    at G (C:\Users\PC\Documents\Saas Dev Build\propvora-final-release-v.1.0\.next\server\chunks\ssr\src_lib_public-marketplace_queries_ts_0fv7__0._.js:1:65892)
    at J (C:\Users\PC\Documents\Saas Dev Build\propvora-final-release-v.1.0\.next\server\chunks\ssr\src_lib_public-marketplace_queries_ts_0fv7__0._.js:1:70790)
    at w (C:\Users\PC\Documents\Saas Dev Build\propvora-final-release-v.1.0\.next\server\chunks\ssr\src_app_providers_[slug]_page_tsx_1duirwy._.js:1:825) {
  description: "Route /providers/[slug] couldn't be rendered statically because it used `cookies`. See more info here: https://nextjs.org/docs/messages/dynamic-server-error",
  digest: 'DYNAMIC_SERVER_USAGE'
}
[public-marketplace] unexpected error loading live data: Error: Dynamic server usage: Route /providers/[slug] couldn't be rendered statically because it used `cookies`. See more info here: https://nextjs.org/docs/messages/dynamic-server-error
    at s (C:\Users\PC\Documents\Saas Dev Build\propvora-final-release-v.1.0\.next\server\chunks\ssr\_1p7_fnh._.js:1:7763)
    at G (C:\Users\PC\Documents\Saas Dev Build\propvora-final-release-v.1.0\.next\server\chunks\ssr\src_lib_public-marketplace_queries_ts_0fv7__0._.js:1:65892)
    at J (C:\Users\PC\Documents\Saas Dev Build\propvora-final-release-v.1.0\.next\server\chunks\ssr\src_lib_public-marketplace_queries_ts_0fv7__0._.js:1:70790)
    at K (C:\Users\PC\Documents\Saas Dev Build\propvora-final-release-v.1.0\.next\server\chunks\ssr\src_lib_public-marketplace_queries_ts_0fv7__0._.js:1:70872)
    at Module.u [as generateMetadata] (C:\Users\PC\Documents\Saas Dev Build\propvora-final-release-v.1.0\.next\server\chunks\ssr\src_app_providers_[slug]_page_tsx_1duirwy._.js:1:464) {
  description: "Route /providers/[slug] couldn't be rendered statically because it used `cookies`. See more info here: https://nextjs.org/docs/messages/dynamic-server-error",
  digest: 'DYNAMIC_SERVER_USAGE'
}
[public-marketplace] unexpected error loading live data: Error: Dynamic server usage: Route /providers/[slug] couldn't be rendered statically because it used `cookies`. See more info here: https://nextjs.org/docs/messages/dynamic-server-error
    at s (C:\Users\PC\Documents\Saas Dev Build\propvora-final-release-v.1.0\.next\server\chunks\ssr\_1p7_fnh._.js:1:7763)
    at G (C:\Users\PC\Documents\Saas Dev Build\propvora-final-release-v.1.0\.next\server\chunks\ssr\src_lib_public-marketplace_queries_ts_0fv7__0._.js:1:65892)
    at J (C:\Users\PC\Documents\Saas Dev Build\propvora-final-release-v.1.0\.next\server\chunks\ssr\src_lib_public-marketplace_queries_ts_0fv7__0._.js:1:70790)
    at K (C:\Users\PC\Documents\Saas Dev Build\propvora-final-release-v.1.0\.next\server\chunks\ssr\src_lib_public-marketplace_queries_ts_0fv7__0._.js:1:70872)
    at w (C:\Users\PC\Documents\Saas Dev Build\propvora-final-release-v.1.0\.next\server\chunks\ssr\src_app_providers_[slug]_page_tsx_1duirwy._.js:1:797) {
  description: "Route /providers/[slug] couldn't be rendered statically because it used `cookies`. See more info here: https://nextjs.org/docs/messages/dynamic-server-error",
  digest: 'DYNAMIC_SERVER_USAGE'
}
[public-marketplace] unexpected error loading live data: Error: Dynamic server usage: Route /providers/[slug] couldn't be rendered statically because it used `cookies`. See more info here: https://nextjs.org/docs/messages/dynamic-server-error
    at s (C:\Users\PC\Documents\Saas Dev Build\propvora-final-release-v.1.0\.next\server\chunks\ssr\_1p7_fnh._.js:1:7763)
    at G (C:\Users\PC\Documents\Saas Dev Build\propvora-final-release-v.1.0\.next\server\chunks\ssr\src_lib_public-marketplace_queries_ts_0fv7__0._.js:1:65892)
    at J (C:\Users\PC\Documents\Saas Dev Build\propvora-final-release-v.1.0\.next\server\chunks\ssr\src_lib_public-marketplace_queries_ts_0fv7__0._.js:1:70790)
    at w (C:\Users\PC\Documents\Saas Dev Build\propvora-final-release-v.1.0\.next\server\chunks\ssr\src_app_providers_[slug]_page_tsx_1duirwy._.js:1:825) {
  description: "Route /providers/[slug] couldn't be rendered statically because it used `cookies`. See more info here: https://nextjs.org/docs/messages/dynamic-server-error",
  digest: 'DYNAMIC_SERVER_USAGE'
}
[public-marketplace] unexpected error loading live data: Error: Dynamic server usage: Route /providers/[slug] couldn't be rendered statically because it used `cookies`. See more info here: https://nextjs.org/docs/messages/dynamic-server-error
    at s (C:\Users\PC\Documents\Saas Dev Build\propvora-final-release-v.1.0\.next\server\chunks\ssr\_1p7_fnh._.js:1:7763)
    at G (C:\Users\PC\Documents\Saas Dev Build\propvora-final-release-v.1.0\.next\server\chunks\ssr\src_lib_public-marketplace_queries_ts_0fv7__0._.js:1:65892)
    at J (C:\Users\PC\Documents\Saas Dev Build\propvora-final-release-v.1.0\.next\server\chunks\ssr\src_lib_public-marketplace_queries_ts_0fv7__0._.js:1:70790)
    at K (C:\Users\PC\Documents\Saas Dev Build\propvora-final-release-v.1.0\.next\server\chunks\ssr\src_lib_public-marketplace_queries_ts_0fv7__0._.js:1:70872)
    at Module.u [as generateMetadata] (C:\Users\PC\Documents\Saas Dev Build\propvora-final-release-v.1.0\.next\server\chunks\ssr\src_app_providers_[slug]_page_tsx_1duirwy._.js:1:464) {
  description: "Route /providers/[slug] couldn't be rendered statically because it used `cookies`. See more info here: https://nextjs.org/docs/messages/dynamic-server-error",
  digest: 'DYNAMIC_SERVER_USAGE'
}
[public-marketplace] unexpected error loading live data: Error: Dynamic server usage: Route /providers/[slug] couldn't be rendered statically because it used `cookies`. See more info here: https://nextjs.org/docs/messages/dynamic-server-error
    at s (C:\Users\PC\Documents\Saas Dev Build\propvora-final-release-v.1.0\.next\server\chunks\ssr\_1p7_fnh._.js:1:7763)
    at G (C:\Users\PC\Documents\Saas Dev Build\propvora-final-release-v.1.0\.next\server\chunks\ssr\src_lib_public-marketplace_queries_ts_0fv7__0._.js:1:65892)
    at J (C:\Users\PC\Documents\Saas Dev Build\propvora-final-release-v.1.0\.next\server\chunks\ssr\src_lib_public-marketplace_queries_ts_0fv7__0._.js:1:70790)
    at K (C:\Users\PC\Documents\Saas Dev Build\propvora-final-release-v.1.0\.next\server\chunks\ssr\src_lib_public-marketplace_queries_ts_0fv7__0._.js:1:70872)
    at w (C:\Users\PC\Documents\Saas Dev Build\propvora-final-release-v.1.0\.next\server\chunks\ssr\src_app_providers_[slug]_page_tsx_1duirwy._.js:1:797) {
  description: "Route /providers/[slug] couldn't be rendered statically because it used `cookies`. See more info here: https://nextjs.org/docs/messages/dynamic-server-error",
  digest: 'DYNAMIC_SERVER_USAGE'
}
[public-marketplace] unexpected error loading live data: Error: Dynamic server usage: Route /providers/[slug] couldn't be rendered statically because it used `cookies`. See more info here: https://nextjs.org/docs/messages/dynamic-server-error
    at s (C:\Users\PC\Documents\Saas Dev Build\propvora-final-release-v.1.0\.next\server\chunks\ssr\_1p7_fnh._.js:1:7763)
    at G (C:\Users\PC\Documents\Saas Dev Build\propvora-final-release-v.1.0\.next\server\chunks\ssr\src_lib_public-marketplace_queries_ts_0fv7__0._.js:1:65892)
    at J (C:\Users\PC\Documents\Saas Dev Build\propvora-final-release-v.1.0\.next\server\chunks\ssr\src_lib_public-marketplace_queries_ts_0fv7__0._.js:1:70790)
    at w (C:\Users\PC\Documents\Saas Dev Build\propvora-final-release-v.1.0\.next\server\chunks\ssr\src_app_providers_[slug]_page_tsx_1duirwy._.js:1:825) {
  description: "Route /providers/[slug] couldn't be rendered statically because it used `cookies`. See more info here: https://nextjs.org/docs/messages/dynamic-server-error",
  digest: 'DYNAMIC_SERVER_USAGE'
}
[public-marketplace] unexpected error loading live data: Error: Dynamic server usage: Route /providers/[slug] couldn't be rendered statically because it used `cookies`. See more info here: https://nextjs.org/docs/messages/dynamic-server-error
    at s (C:\Users\PC\Documents\Saas Dev Build\propvora-final-release-v.1.0\.next\server\chunks\ssr\_1p7_fnh._.js:1:7763)
    at G (C:\Users\PC\Documents\Saas Dev Build\propvora-final-release-v.1.0\.next\server\chunks\ssr\src_lib_public-marketplace_queries_ts_0fv7__0._.js:1:65892)
    at J (C:\Users\PC\Documents\Saas Dev Build\propvora-final-release-v.1.0\.next\server\chunks\ssr\src_lib_public-marketplace_queries_ts_0fv7__0._.js:1:70790)
    at K (C:\Users\PC\Documents\Saas Dev Build\propvora-final-release-v.1.0\.next\server\chunks\ssr\src_lib_public-marketplace_queries_ts_0fv7__0._.js:1:70872)
    at Module.u [as generateMetadata] (C:\Users\PC\Documents\Saas Dev Build\propvora-final-release-v.1.0\.next\server\chunks\ssr\src_app_providers_[slug]_page_tsx_1duirwy._.js:1:464) {
  description: "Route /providers/[slug] couldn't be rendered statically because it used `cookies`. See more info here: https://nextjs.org/docs/messages/dynamic-server-error",
  digest: 'DYNAMIC_SERVER_USAGE'
}
[public-marketplace] unexpected error loading live data: Error: Dynamic server usage: Route /providers/[slug] couldn't be rendered statically because it used `cookies`. See more info here: https://nextjs.org/docs/messages/dynamic-server-error
    at s (C:\Users\PC\Documents\Saas Dev Build\propvora-final-release-v.1.0\.next\server\chunks\ssr\_1p7_fnh._.js:1:7763)
    at G (C:\Users\PC\Documents\Saas Dev Build\propvora-final-release-v.1.0\.next\server\chunks\ssr\src_lib_public-marketplace_queries_ts_0fv7__0._.js:1:65892)
    at J (C:\Users\PC\Documents\Saas Dev Build\propvora-final-release-v.1.0\.next\server\chunks\ssr\src_lib_public-marketplace_queries_ts_0fv7__0._.js:1:70790)
    at K (C:\Users\PC\Documents\Saas Dev Build\propvora-final-release-v.1.0\.next\server\chunks\ssr\src_lib_public-marketplace_queries_ts_0fv7__0._.js:1:70872)
    at w (C:\Users\PC\Documents\Saas Dev Build\propvora-final-release-v.1.0\.next\server\chunks\ssr\src_app_providers_[slug]_page_tsx_1duirwy._.js:1:797) {
  description: "Route /providers/[slug] couldn't be rendered statically because it used `cookies`. See more info here: https://nextjs.org/docs/messages/dynamic-server-error",
  digest: 'DYNAMIC_SERVER_USAGE'
}
[public-marketplace] unexpected error loading live data: Error: Dynamic server usage: Route /providers/[slug] couldn't be rendered statically because it used `cookies`. See more info here: https://nextjs.org/docs/messages/dynamic-server-error
    at s (C:\Users\PC\Documents\Saas Dev Build\propvora-final-release-v.1.0\.next\server\chunks\ssr\_1p7_fnh._.js:1:7763)
    at G (C:\Users\PC\Documents\Saas Dev Build\propvora-final-release-v.1.0\.next\server\chunks\ssr\src_lib_public-marketplace_queries_ts_0fv7__0._.js:1:65892)
    at J (C:\Users\PC\Documents\Saas Dev Build\propvora-final-release-v.1.0\.next\server\chunks\ssr\src_lib_public-marketplace_queries_ts_0fv7__0._.js:1:70790)
    at w (C:\Users\PC\Documents\Saas Dev Build\propvora-final-release-v.1.0\.next\server\chunks\ssr\src_app_providers_[slug]_page_tsx_1duirwy._.js:1:825) {
  description: "Route /providers/[slug] couldn't be rendered statically because it used `cookies`. See more info here: https://nextjs.org/docs/messages/dynamic-server-error",
  digest: 'DYNAMIC_SERVER_USAGE'
}
[public-marketplace] unexpected error loading live data: Error: Dynamic server usage: Route /providers/[slug] couldn't be rendered statically because it used `cookies`. See more info here: https://nextjs.org/docs/messages/dynamic-server-error
    at s (C:\Users\PC\Documents\Saas Dev Build\propvora-final-release-v.1.0\.next\server\chunks\ssr\_1p7_fnh._.js:1:7763)
    at G (C:\Users\PC\Documents\Saas Dev Build\propvora-final-release-v.1.0\.next\server\chunks\ssr\src_lib_public-marketplace_queries_ts_0fv7__0._.js:1:65892)
    at J (C:\Users\PC\Documents\Saas Dev Build\propvora-final-release-v.1.0\.next\server\chunks\ssr\src_lib_public-marketplace_queries_ts_0fv7__0._.js:1:70790)
    at K (C:\Users\PC\Documents\Saas Dev Build\propvora-final-release-v.1.0\.next\server\chunks\ssr\src_lib_public-marketplace_queries_ts_0fv7__0._.js:1:70872)
    at Module.u [as generateMetadata] (C:\Users\PC\Documents\Saas Dev Build\propvora-final-release-v.1.0\.next\server\chunks\ssr\src_app_providers_[slug]_page_tsx_1duirwy._.js:1:464) {
  description: "Route /providers/[slug] couldn't be rendered statically because it used `cookies`. See more info here: https://nextjs.org/docs/messages/dynamic-server-error",
  digest: 'DYNAMIC_SERVER_USAGE'
}
  Generating static pages using 27 workers (348/465) 
✓ Generating static pages using 27 workers (465/465) in 4.9s
  Finalizing page optimization ...

Route (app)
┌ ○ /
├ ○ /_not-found
├ ○ /about
├ ƒ /admin
├ ○ /admin-login
├ ƒ /admin/affiliates
├ ƒ /admin/affiliates/[id]
├ ƒ /admin/ai-models
├ ƒ /admin/ai-usage
├ ƒ /admin/announcement-bar
├ ƒ /admin/announcements
├ ƒ /admin/announcements/bar
├ ƒ /admin/audit
├ ƒ /admin/audit-log
├ ƒ /admin/automation-usage
├ ƒ /admin/automations
├ ƒ /admin/automations/usage-caps
├ ƒ /admin/bookings
├ ƒ /admin/bug-reports
├ ƒ /admin/bugs
├ ƒ /admin/changelog
├ ƒ /admin/cron
├ ƒ /admin/cron-management
├ ƒ /admin/customers
├ ƒ /admin/customers/[id]
├ ƒ /admin/data-requests
├ ƒ /admin/documents
├ ƒ /admin/feature-flags
├ ƒ /admin/global
├ ƒ /admin/global-translations
├ ƒ /admin/global/[code]
├ ƒ /admin/global/translations
├ ƒ /admin/health
├ ƒ /admin/id-verification
├ ƒ /admin/maintenance
├ ƒ /admin/maintenance-mode
├ ƒ /admin/marketplace/disputes
├ ƒ /admin/marketplace/lettings
├ ƒ /admin/marketplace/moderation
├ ƒ /admin/marketplace/oversight
├ ƒ /admin/marketplace/payouts
├ ƒ /admin/marketplace/suppliers
├ ƒ /admin/marketplace/transactions
├ ƒ /admin/marketplace/workspaces
├ ƒ /admin/marketplace/workspaces/[id]
├ ƒ /admin/planning
├ ƒ /admin/portals
├ ƒ /admin/portfolios
├ ƒ /admin/risk
├ ƒ /admin/risk/[workspaceId]
├ ƒ /admin/security
├ ƒ /admin/settings
├ ƒ /admin/stays
├ ƒ /admin/stripe-events
├ ƒ /admin/subscriptions
├ ƒ /admin/subscriptions/[id]
├ ƒ /admin/supplier-verification
├ ƒ /admin/supplier-verification/[id]
├ ƒ /admin/suppliers
├ ƒ /admin/suppliers/[id]
├ ƒ /admin/users
├ ƒ /admin/users/[id]
├ ƒ /admin/verification
├ ƒ /admin/verification/[id]
├ ƒ /admin/work
├ ƒ /admin/workspaces
├ ƒ /admin/workspaces/[id]
├ ○ /affiliate-programme
├ ○ /affiliate-programme/apply
├ ○ /affiliate-programme/earnings
├ ○ /affiliate-programme/faq
├ ○ /affiliate-programme/terms
├ ƒ /api/account/request
├ ƒ /api/admin/account-process
├ ƒ /api/admin/automations
├ ƒ /api/admin/disputes
├ ƒ /api/admin/global/country-profile
├ ƒ /api/admin/global/release-gate
├ ƒ /api/admin/global/reviews
├ ƒ /api/admin/init
├ ƒ /api/admin/marketplace
├ ƒ /api/admin/marketplace/listings/[id]/moderate
├ ƒ /api/admin/risk
├ ƒ /api/admin/supplier-verification
├ ƒ /api/admin/workspaces
├ ƒ /api/ai/actions
├ ƒ /api/ai/chat
├ ƒ /api/ai/commands
├ ƒ /api/auth/callback
├ ƒ /api/auth/rate-check
├ ƒ /api/automations/ai-builder
├ ƒ /api/automations/approvals
├ ƒ /api/automations/definitions
├ ƒ /api/automations/definitions/[id]
├ ƒ /api/automations/dry-run
├ ƒ /api/automations/errors
├ ƒ /api/automations/integrations
├ ƒ /api/automations/nl
├ ƒ /api/automations/node-registry
├ ƒ /api/automations/nodes
├ ƒ /api/automations/recipes
├ ƒ /api/automations/runs
├ ƒ /api/automations/runs/replay
├ ƒ /api/automations/settings
├ ƒ /api/automations/templates
├ ƒ /api/automations/trigger/[token]
├ ƒ /api/automations/usage
├ ƒ /api/automations/webhooks
├ ƒ /api/billing/checkout
├ ƒ /api/billing/pay-invoice
├ ƒ /api/billing/portal
├ ƒ /api/booking-portal/cancel
├ ƒ /api/booking-portal/issue
├ ƒ /api/booking-portal/lookup
├ ƒ /api/booking-portal/review
├ ƒ /api/booking/availability
├ ƒ /api/booking/ical/[token]
├ ƒ /api/booking/ical/connections
├ ƒ /api/booking/ical/refresh
├ ƒ /api/booking/keyless/generate
├ ƒ /api/booking/keyless/release
├ ƒ /api/booking/listing/availability
├ ƒ /api/booking/listing/quote
├ ƒ /api/booking/listing/reserve
├ ƒ /api/booking/public-search
├ ƒ /api/booking/quote
├ ƒ /api/booking/reserve
├ ƒ /api/bug-report
├ ƒ /api/connect/onboard
├ ƒ /api/connect/status
├ ƒ /api/consent/log
├ ƒ /api/cron/automation-runner
├ ƒ /api/cron/daily
├ ƒ /api/cron/expire-holds
├ ƒ /api/cron/reconcile
├ ƒ /api/customer/issues
├ ƒ /api/customer/maintenance
├ ƒ /api/demo/reset
├ ƒ /api/demo/seed
├ ƒ /api/demo/status
├ ƒ /api/email/invite
├ ƒ /api/email/welcome
├ ƒ /api/entitlements
├ ƒ /api/files/[...key]
├ ƒ /api/flags/public
├ ƒ /api/health
├ ƒ /api/identity/documents
├ ƒ /api/identity/review
├ ƒ /api/identity/session
├ ƒ /api/identity/status
├ ƒ /api/identity/webhook
├ ƒ /api/integrations/status
├ ƒ /api/invoices/[id]/resend
├ ƒ /api/legal/accept
├ ƒ /api/marketplace/checkout
├ ƒ /api/marketplace/enquiries
├ ƒ /api/marketplace/listings
├ ƒ /api/marketplace/listings/[id]
├ ƒ /api/marketplace/public-search
├ ƒ /api/marketplace/quote-requests
├ ƒ /api/marketplace/search
├ ƒ /api/marketplace/suppliers
├ ƒ /api/money/disputes/[id]/actions
├ ƒ /api/money/fee-rules
├ ƒ /api/money/holds
├ ƒ /api/money/release-check
├ ƒ /api/newsletter/confirm
├ ƒ /api/newsletter/subscribe
├ ƒ /api/newsletter/unsubscribe
├ ƒ /api/payments/intent
├ ƒ /api/payments/reconcile
├ ƒ /api/payments/status
├ ƒ /api/payments/webhook
├ ƒ /api/pdf/invoice/[id]
├ ƒ /api/portal/file
├ ƒ /api/portal/logout
├ ƒ /api/portal/messages
├ ƒ /api/portal/share/file
├ ƒ /api/portal/share/sign
├ ƒ /api/portal/share/upload
├ ƒ /api/portal/verify
├ ƒ /api/portals/grant
├ ƒ /api/ready
├ ƒ /api/supplier-verification/documents
├ ƒ /api/supplier-verification/status
├ ƒ /api/supplier-verification/submit
├ ƒ /api/supplier/analytics
├ ƒ /api/supplier/automations
├ ƒ /api/supplier/availability
├ ƒ /api/supplier/connections
├ ƒ /api/supplier/coverage
├ ƒ /api/supplier/dashboard
├ ƒ /api/supplier/disputes
├ ƒ /api/supplier/invoices
├ ƒ /api/supplier/jobs
├ ƒ /api/supplier/jobs/[id]
├ ƒ /api/supplier/jobs/[id]/events
├ ƒ /api/supplier/jobs/[id]/evidence
├ ƒ /api/supplier/jobs/[id]/status
├ ƒ /api/supplier/jobs/earnings
├ ƒ /api/supplier/jobs/payments
├ ƒ /api/supplier/jobs/reviews
├ ƒ /api/supplier/leads
├ ƒ /api/supplier/messages
├ ƒ /api/supplier/messages/[threadId]
├ ƒ /api/supplier/notifications
├ ƒ /api/supplier/onboarding
├ ƒ /api/supplier/packages
├ ƒ /api/supplier/payouts
├ ƒ /api/supplier/profile
├ ƒ /api/supplier/quotes
├ ƒ /api/supplier/quotes/[id]
├ ƒ /api/supplier/search
├ ƒ /api/supplier/services
├ ƒ /api/supplier/team
├ ƒ /api/supplier/verification
├ ƒ /api/supplier/zones
├ ƒ /api/upload
├ ƒ /api/webhooks/stripe
├ ƒ /api/workspace/billing-details
├ ƒ /api/workspace/global
├ ƒ /api/workspace/jurisdiction
├ ƒ /api/workspace/privacy-requests
├ ƒ /app
├ ƒ /app/account
├ ƒ /app/account-settings
├ ƒ /app/account/activity
├ ƒ /app/account/connected-accounts
├ ƒ /app/account/data-privacy
├ ƒ /app/account/login
├ ƒ /app/account/notifications
├ ƒ /app/account/preferences
├ ƒ /app/account/profile
├ ƒ /app/account/security
├ ƒ /app/account/sessions
├ ƒ /app/accounting
├ ƒ /app/accounting/accounts
├ ƒ /app/accounting/accounts/[accountId]
├ ƒ /app/accounting/accounts/journal-ledger
├ ƒ /app/accounting/accounts/new
├ ƒ /app/accounting/accounts/overview
├ ƒ /app/accounting/client-accounts
├ ƒ /app/accounting/client-accounts/disbursements/new
├ ƒ /app/accounting/forecast
├ ƒ /app/accounting/forecast/scenarios/new
├ ƒ /app/accounting/ledger
├ ƒ /app/accounting/ledger/accounts/[accountId]
├ ƒ /app/accounting/ledger/chart
├ ƒ /app/accounting/ledger/journal
├ ƒ /app/accounting/ledger/journal/new
├ ƒ /app/accounting/ledger/trial-balance
├ ƒ /app/accounting/mtd
├ ƒ /app/accounting/owner-statements
├ ƒ /app/accounting/reconciliation
├ ƒ /app/accounting/reconciliation/manual-transaction/new
├ ƒ /app/accounting/reports
├ ƒ /app/accounting/reports/generate
├ ƒ /app/affiliates
├ ƒ /app/affiliates/earnings
├ ƒ /app/affiliates/links
├ ƒ /app/affiliates/referrals
├ ƒ /app/affiliates/settings
├ ƒ /app/automations
├ ƒ /app/automations/activity
├ ƒ /app/automations/admin-controls
├ ƒ /app/automations/ai-builder
├ ƒ /app/automations/approvals
├ ƒ /app/automations/builder
├ ƒ /app/automations/canvas
├ ƒ /app/automations/canvas/[automationId]
├ ƒ /app/automations/errors
├ ƒ /app/automations/home
├ ƒ /app/automations/integrations
├ ƒ /app/automations/my-automations
├ ƒ /app/automations/recipes
├ ƒ /app/automations/runs
├ ƒ /app/automations/runs-logs
├ ƒ /app/automations/runs/[id]
├ ƒ /app/automations/settings
├ ƒ /app/automations/templates
├ ƒ /app/automations/usage
├ ƒ /app/automations/usage-limits
├ ƒ /app/automations/webhooks
├ ƒ /app/bookings
├ ƒ /app/bookings/[id]
├ ƒ /app/bookings/calendar
├ ƒ /app/bookings/disputes
├ ƒ /app/bookings/disputes/[disputeId]
├ ƒ /app/bookings/disputes/[disputeId]/closed
├ ƒ /app/bookings/disputes/[disputeId]/evidence
├ ƒ /app/bookings/disputes/[disputeId]/intake
├ ƒ /app/bookings/disputes/[disputeId]/resolution
├ ƒ /app/bookings/disputes/[disputeId]/review
├ ƒ /app/bookings/listings
├ ƒ /app/bookings/listings/[listingId]
├ ƒ /app/bookings/listings/[listingId]/channels
├ ƒ /app/bookings/listings/new
├ ƒ /app/bookings/reservations
├ ƒ /app/calendar
├ ƒ /app/calendar/agenda
├ ƒ /app/calendar/day
├ ƒ /app/calendar/events
├ ƒ /app/calendar/events/[id]
├ ƒ /app/calendar/events/[id]/edit
├ ƒ /app/calendar/events/new
├ ƒ /app/calendar/gantt
├ ƒ /app/calendar/month
├ ƒ /app/calendar/reminders
├ ƒ /app/calendar/reminders/new
├ ƒ /app/calendar/schedule
├ ƒ /app/calendar/settings
├ ƒ /app/calendar/timeline
├ ƒ /app/calendar/views
├ ƒ /app/calendar/views/agenda
├ ƒ /app/calendar/views/day
├ ƒ /app/calendar/views/gantt
├ ƒ /app/calendar/views/month
├ ƒ /app/calendar/views/week
├ ƒ /app/calendar/week
├ ƒ /app/changelog
├ ƒ /app/compliance
├ ƒ /app/compliance/activity
├ ƒ /app/compliance/certificates
├ ƒ /app/compliance/certificates/[id]
├ ƒ /app/compliance/certificates/[id]/edit
├ ƒ /app/compliance/certificates/new
├ ƒ /app/compliance/coverage
├ ƒ /app/compliance/documents
├ ƒ /app/compliance/documents/[id]
├ ƒ /app/compliance/documents/new
├ ƒ /app/compliance/evidence
├ ƒ /app/compliance/inspections
├ ƒ /app/compliance/inspections/[id]
├ ƒ /app/compliance/inspections/[id]/edit
├ ƒ /app/compliance/inspections/new
├ ƒ /app/compliance/overview
├ ƒ /app/compliance/property-coverage
├ ƒ /app/compliance/renewals
├ ƒ /app/compliance/reports
├ ƒ /app/compliance/risk
├ ƒ /app/compliance/settings
├ ƒ /app/compliance/supplier-docs
├ ƒ /app/contacts
├ ƒ /app/contacts/[id]
├ ƒ /app/contacts/[id]/edit
├ ƒ /app/contacts/activity
├ ƒ /app/contacts/board
├ ƒ /app/contacts/documents
├ ƒ /app/contacts/guests
├ ƒ /app/contacts/map
├ ƒ /app/contacts/messages
├ ƒ /app/contacts/new
├ ƒ /app/contacts/organisations
├ ƒ /app/contacts/people
├ ƒ /app/contacts/portal-access
├ ƒ /app/contacts/timeline
├ ƒ /app/help
├ ƒ /app/legal
├ ƒ /app/legal/epc-advisory
├ ƒ /app/legal/hmo-licences
├ ƒ /app/legal/hmo-licences/[licenceId]
├ ƒ /app/legal/possession
├ ƒ /app/legal/possession/[caseId]
├ ƒ /app/legal/possession/new
├ ƒ /app/legal/possession/new/notice-preview
├ ƒ /app/legal/possession/new/record-service
├ ƒ /app/legal/possession/new/review-evidence
├ ƒ /app/legal/possession/new/select-grounds
├ ƒ /app/legal/possession/new/select-tenancy
├ ƒ /app/legal/rra-2026
├ ƒ /app/listings
├ ƒ /app/listings/[listingId]/edit
├ ƒ /app/listings/[listingId]/edit/basics
├ ƒ /app/listings/[listingId]/edit/media
├ ƒ /app/listings/[listingId]/edit/policies-operations
├ ƒ /app/listings/[listingId]/edit/pricing-availability
├ ƒ /app/listings/[listingId]/edit/review-publish
├ ƒ /app/listings/new
├ ƒ /app/listings/new/basics
├ ƒ /app/listings/new/media
├ ƒ /app/listings/new/policies-operations
├ ƒ /app/listings/new/pricing-availability
├ ƒ /app/listings/new/review-publish
├ ƒ /app/marketplace
├ ƒ /app/marketplace/[id]
├ ƒ /app/marketplace/emergency
├ ƒ /app/marketplace/my-listings
├ ƒ /app/marketplace/orders
├ ƒ /app/marketplace/requests
├ ƒ /app/marketplace/saved
├ ƒ /app/marketplace/stays
├ ƒ /app/marketplace/suppliers
├ ƒ /app/marketplace/suppliers-hub
├ ƒ /app/marketplace/suppliers-hub/[slug]
├ ƒ /app/marketplace/suppliers-hub/emergency
├ ƒ /app/marketplace/suppliers-hub/emergency/[slug]
├ ƒ /app/marketplace/suppliers-hub/map
├ ƒ /app/marketplace/suppliers-hub/services
├ ƒ /app/marketplace/suppliers-hub/services/[slug]
├ ƒ /app/marketplace/suppliers-hub/services/map
├ ƒ /app/marketplace/suppliers/[id]
├ ƒ /app/marketplace/suppliers/compare
├ ƒ /app/messages
├ ƒ /app/messages/conversations/[conversationId]
├ ƒ /app/money
├ ƒ /app/money/activity
├ ƒ /app/money/affiliate
├ ƒ /app/money/arrears
├ ƒ /app/money/bills
├ ƒ /app/money/bills/[id]
├ ƒ /app/money/bills/[id]/edit
├ ƒ /app/money/bills/new
├ ƒ /app/money/commissions
├ ƒ /app/money/deposits
├ ƒ /app/money/disputes
├ ƒ /app/money/disputes/[id]
├ ƒ /app/money/escrow
├ ƒ /app/money/escrow/[escrowId]
├ ƒ /app/money/escrow/[escrowId]/[view]
├ ƒ /app/money/expenses
├ ƒ /app/money/fee-rules
├ ƒ /app/money/fx
├ ƒ /app/money/holds
├ ƒ /app/money/income
├ ƒ /app/money/invoices
├ ƒ /app/money/invoices/[id]
├ ƒ /app/money/invoices/[id]/edit
├ ƒ /app/money/invoices/new
├ ƒ /app/money/payouts
├ ƒ /app/money/refunds
├ ƒ /app/money/rent-chase
├ ƒ /app/money/stripe
├ ƒ /app/money/supplier-payments
├ ƒ /app/network
├ ƒ /app/network/activity
├ ƒ /app/orders
├ ƒ /app/planning
├ ƒ /app/planning/activity
├ ƒ /app/planning/conversions
├ ƒ /app/planning/documents
├ ƒ /app/planning/forecasts
├ ƒ /app/planning/landlord-offers
├ ƒ /app/planning/landlord-offers/[id]
├ ƒ /app/planning/landlord-offers/new
├ ƒ /app/planning/portfolio-intelligence
├ ƒ /app/planning/profiles
├ ƒ /app/planning/profiles/[slug]
├ ƒ /app/planning/profiles/[slug]/ai-questions
├ ƒ /app/planning/profiles/[slug]/compliance
├ ƒ /app/planning/profiles/[slug]/cost-drivers
├ ƒ /app/planning/profiles/[slug]/example-forecast
├ ƒ /app/planning/profiles/[slug]/income-model
├ ƒ /app/planning/profiles/[slug]/overview
├ ƒ /app/planning/profiles/[slug]/risks
├ ƒ /app/planning/profiles/[slug]/starter-checklist
├ ƒ /app/planning/scenarios
├ ƒ /app/planning/sets
├ ƒ /app/planning/sets/[id]
├ ƒ /app/planning/sets/[id]/activity
├ ƒ /app/planning/sets/[id]/ai-review
├ ƒ /app/planning/sets/[id]/assumptions
├ ƒ /app/planning/sets/[id]/bills
├ ƒ /app/planning/sets/[id]/compliance
├ ƒ /app/planning/sets/[id]/conversion
├ ƒ /app/planning/sets/[id]/documents
├ ƒ /app/planning/sets/[id]/expenses
├ ƒ /app/planning/sets/[id]/forecasts
├ ƒ /app/planning/sets/[id]/income
├ ƒ /app/planning/sets/[id]/landlord-offer
├ ƒ /app/planning/sets/[id]/overview
├ ƒ /app/planning/sets/[id]/risk
├ ƒ /app/planning/sets/[id]/rooms-units
├ ƒ /app/planning/sets/[id]/scenarios
├ ƒ /app/planning/sets/[id]/tasks
├ ƒ /app/planning/sets/[id]/upfront-costs
├ ƒ /app/planning/sets/new
├ ƒ /app/planning/wizard
├ ƒ /app/planning/wizard/[draftId]
├ ƒ /app/planning/yield-intelligence
├ ƒ /app/portals
├ ƒ /app/portals/access
├ ƒ /app/portals/access/[id]
├ ƒ /app/portals/profiles
├ ƒ /app/portals/purposes
├ ƒ /app/portfolio
├ ƒ /app/portfolio/gallery
├ ƒ /app/portfolio/leasing
├ ƒ /app/portfolio/leasing/agreements
├ ƒ /app/portfolio/leasing/prospects
├ ƒ /app/portfolio/leasing/vacancies
├ ƒ /app/portfolio/leasing/viewings
├ ƒ /app/portfolio/map
├ ƒ /app/portfolio/properties
├ ƒ /app/portfolio/properties/[id]
├ ƒ /app/portfolio/properties/[id]/edit
├ ƒ /app/portfolio/properties/[id]/hmo
├ ƒ /app/portfolio/properties/[id]/hmo/analytics
├ ƒ /app/portfolio/properties/[id]/hmo/rooms
├ ƒ /app/portfolio/properties/[id]/hmo/utilities
├ ƒ /app/portfolio/properties/new
├ ƒ /app/portfolio/tenancies
├ ƒ /app/portfolio/tenancies/[id]
├ ƒ /app/portfolio/tenancies/[id]/edit
├ ƒ /app/portfolio/tenancies/new
├ ƒ /app/portfolio/timeline
├ ƒ /app/portfolio/units
├ ƒ /app/portfolio/units/[id]
├ ƒ /app/portfolio/units/[id]/edit
├ ƒ /app/portfolio/units/new
├ ƒ /app/settings/calendar-notifications
├ ƒ /app/settings/compliance
├ ƒ /app/settings/payments-stripe
├ ƒ /app/suppliers
├ ƒ /app/suppliers/compliance
├ ƒ /app/suppliers/directory
├ ƒ /app/suppliers/performance
├ ƒ /app/verification
├ ƒ /app/work
├ ƒ /app/work/board
├ ƒ /app/work/calendar
├ ƒ /app/work/complaints
├ ƒ /app/work/gantt
├ ƒ /app/work/jobs
├ ƒ /app/work/jobs/[id]
├ ƒ /app/work/jobs/new
├ ƒ /app/work/marketplace
├ ƒ /app/work/orders
├ ƒ /app/work/orders/[orderId]
├ ƒ /app/work/orders/escrow/[escrowId]
├ ƒ /app/work/orders/quotes/[quoteRequestId]
├ ƒ /app/work/ppm
├ ƒ /app/work/ppm/[id]
├ ƒ /app/work/ppm/overview
├ ƒ /app/work/ppm/schedules
├ ƒ /app/work/ppm/schedules/new
├ ƒ /app/work/ppm/timeline
├ ƒ /app/work/reports
├ ƒ /app/work/suppliers
├ ƒ /app/work/suppliers/[id]
├ ƒ /app/work/suppliers/preferred
├ ƒ /app/work/tasks
├ ƒ /app/work/tasks/[id]
├ ƒ /app/work/tasks/new
├ ƒ /app/workspace-settings
├ ƒ /app/workspace-settings/addons
├ ƒ /app/workspace-settings/ai
├ ƒ /app/workspace-settings/audit
├ ƒ /app/workspace-settings/billing
├ ƒ /app/workspace-settings/branding
├ ƒ /app/workspace-settings/copilot-inbox
├ ƒ /app/workspace-settings/danger-zone
├ ƒ /app/workspace-settings/data
├ ƒ /app/workspace-settings/demo-data
├ ƒ /app/workspace-settings/email
├ ƒ /app/workspace-settings/integrations
├ ƒ /app/workspace-settings/invoices
├ ƒ /app/workspace-settings/jurisdiction
├ ƒ /app/workspace-settings/navigation
├ ƒ /app/workspace-settings/notifications
├ ƒ /app/workspace-settings/preferences
├ ƒ /app/workspace-settings/profile
├ ƒ /app/workspace-settings/roles
├ ƒ /app/workspace-settings/security
├ ƒ /app/workspace-settings/sso
├ ƒ /app/workspace-settings/storage
├ ƒ /app/workspace-settings/subscription
├ ƒ /app/workspace-settings/team
├ ƒ /app/workspace-settings/white-label
├ ƒ /app/workspace/billing
├ ƒ /app/workspace/billing/add-ons
├ ƒ /app/workspace/billing/cancellation
├ ƒ /app/workspace/billing/checkout
├ ƒ /app/workspace/billing/history
├ ƒ /app/workspace/billing/renewals
├ ƒ /app/workspace/global
├ ƒ /app/workspace/global/privacy
├ ƒ /auth/callback
├ ƒ /booking/[ref]
├ ƒ /booking/checkout/[draftId]
├ ƒ /changelog
├ ƒ /checkout/bookings/[bookingId]
├ ƒ /checkout/emergency/[emergencyOrderId]
├ ƒ /checkout/quote-request/[quoteRequestId]
├ ƒ /checkout/services/[serviceOrderId]
├ ○ /contact
├ ƒ /customer
├ ƒ /customer/account-settings
├ ƒ /customer/affiliate
├ ƒ /customer/affiliate/earnings
├ ƒ /customer/affiliate/links
├ ƒ /customer/affiliate/referrals
├ ƒ /customer/affiliate/settings
├ ƒ /customer/bookings
├ ƒ /customer/bookings/[id]
├ ƒ /customer/bookings/[id]/dispute
├ ƒ /customer/bookings/[id]/modify
├ ƒ /customer/bookings/[id]/report-issue
├ ƒ /customer/bookings/completed
├ ƒ /customer/bookings/disputes
├ ƒ /customer/favourites
├ ƒ /customer/help
├ ƒ /customer/home
├ ƒ /customer/lets
├ ƒ /customer/lets/applications/[id]/wizard
├ ƒ /customer/lets/offers/[id]
├ ƒ /customer/lets/properties/[id]
├ ƒ /customer/lets/search
├ ƒ /customer/lets/tenancies/[id]
├ ƒ /customer/lets/tenancies/[id]/documents
├ ƒ /customer/lets/tenancies/[id]/maintenance
├ ƒ /customer/lets/tenancies/[id]/move-in
├ ƒ /customer/lets/tenancies/[id]/rent-payments
├ ƒ /customer/lets/tenancies/[id]/setup
├ ƒ /customer/lets/viewings/[id]
├ ƒ /customer/maintenance
├ ƒ /customer/maintenance/new
├ ƒ /customer/messages
├ ƒ /customer/messages/[id]
├ ƒ /customer/notifications
├ ƒ /customer/orders
├ ƒ /customer/payments
├ ƒ /customer/profile
├ ƒ /customer/reviews
├ ƒ /customer/saved
├ ƒ /customer/search
├ ƒ /customer/stays
├ ƒ /customer/stays/[slug]
├ ƒ /customer/stays/long-term
├ ƒ /customer/stays/long-term/[slug]
├ ƒ /customer/stays/long-term/map
├ ƒ /customer/stays/map
├ ƒ /emergency
├ ƒ /emergency/[slug]
├ ○ /faq
├ ○ /features
├ ƒ /forgot-password
├ ƒ /help
├ ○ /invite-expired
├ ƒ /invite/[token]
├ ○ /landlord-portal
├ ○ /landlord-portal/documents
├ ○ /landlord-portal/messages
├ ○ /landlord-portal/properties
├ ƒ /landlord-portal/properties/[id]
├ ○ /landlord-portal/settings
├ ○ /landlord-portal/statements
├ ○ /landlord-portal/work
├ ○ /legal
├ ○ /legal/acceptable-use
├ ○ /legal/acceptable-use-marketplace
├ ○ /legal/affiliate-terms
├ ○ /legal/ai-disclaimer
├ ○ /legal/booking-ai-disclaimer
├ ○ /legal/booking-cancellation-policy
├ ○ /legal/booking-payment-terms
├ ○ /legal/booking-refund-policy
├ ○ /legal/booking-review-policy
├ ○ /legal/booking-terms
├ ○ /legal/buyer-terms
├ ○ /legal/cancellation-policy
├ ○ /legal/channel-sync-disclaimer
├ ○ /legal/cookies
├ ○ /legal/damage-deposit-policy
├ ○ /legal/data-processing
├ ○ /legal/direct-booking-terms
├ ○ /legal/guest-data-notice
├ ○ /legal/guest-terms
├ ○ /legal/host-compliance-disclaimer
├ ○ /legal/host-insurance-disclaimer
├ ○ /legal/host-payout-terms
├ ○ /legal/host-tax-disclaimer
├ ○ /legal/host-terms
├ ○ /legal/house-rules-policy
├ ○ /legal/listing-accuracy-warranty
├ ○ /legal/marketplace-terms
├ ○ /legal/privacy
├ ○ /legal/refund-policy
├ ○ /legal/safety-emergency-disclaimer
├ ○ /legal/seller-agreement
├ ○ /legal/terms
├ ƒ /login
├ ○ /maintenance
├ ○ /manifest.webmanifest
├ ƒ /marketplace
├ ƒ /marketplace/book/[listingId]
├ ƒ /marketplace/checkout/[draftId]
├ ƒ /marketplace/emergency
├ ƒ /marketplace/request/[requestId]
├ ƒ /marketplace/services
├ ƒ /marketplace/services/[slug]
├ ƒ /marketplace/stays
├ ƒ /marketplace/stays/[slug]
├ ƒ /marketplace/suppliers
├ ƒ /marketplace/suppliers/[slug]
├ ○ /newsletter/confirmed
├ ○ /newsletter/unsubscribed
├ ○ /offline
├ ƒ /onboarding
├ ƒ /onboarding/supplier
├ ƒ /p/[token]
├ ○ /payment-required
├ ƒ /portal
├ ○ /portal-expired
├ ƒ /portal/[sessionId]
├ ƒ /portal/[sessionId]/landlord
├ ƒ /portal/[sessionId]/landlord/documents
├ ƒ /portal/[sessionId]/landlord/financials
├ ƒ /portal/[sessionId]/landlord/maintenance
├ ƒ /portal/[sessionId]/landlord/maintenance/[requestId]
├ ƒ /portal/[sessionId]/landlord/messages
├ ƒ /portal/[sessionId]/landlord/payments
├ ƒ /portal/[sessionId]/landlord/payments/[paymentId]
├ ƒ /portal/[sessionId]/landlord/properties
├ ƒ /portal/[sessionId]/landlord/properties/[id]
├ ƒ /portal/[sessionId]/supplier
├ ƒ /portal/[sessionId]/supplier/documents
├ ƒ /portal/[sessionId]/supplier/documents/[documentId]
├ ƒ /portal/[sessionId]/supplier/invoices
├ ƒ /portal/[sessionId]/supplier/invoices/[id]
├ ƒ /portal/[sessionId]/supplier/jobs
├ ƒ /portal/[sessionId]/supplier/jobs/[id]
├ ƒ /portal/[sessionId]/supplier/messages
├ ƒ /portal/[sessionId]/supplier/payments
├ ƒ /portal/[sessionId]/supplier/payments/[paymentId]
├ ƒ /portal/[sessionId]/tenant
├ ƒ /portal/[sessionId]/tenant/documents
├ ƒ /portal/[sessionId]/tenant/maintenance
├ ƒ /portal/[sessionId]/tenant/maintenance/[requestId]
├ ƒ /portal/[sessionId]/tenant/maintenance/report
├ ƒ /portal/[sessionId]/tenant/messages
├ ƒ /portal/[sessionId]/tenant/payments
├ ƒ /portal/[sessionId]/tenant/payments/[paymentId]
├ ƒ /portal/[sessionId]/tenant/tenancy
├ ƒ /portal/expired
├ ƒ /portal/login
├ ƒ /portal/revoked
├ ○ /pricing
├ ƒ /providers
├ ƒ /providers/[slug]
├ ○ /providers/map
├ ƒ /register
├ ƒ /reset-password
├ ○ /roadmap
├ ○ /robots.txt
├ ƒ /services
├ ƒ /services/[slug]
├ ○ /services/map
├ ƒ /sign/[token]
├ ○ /sitemap.xml
├ ƒ /stay/[slug]
├ ƒ /stay/[slug]/checkout
├ ƒ /stay/[slug]/confirmation
├ ƒ /stay/[slug]/pay
├ ƒ /stay/compare
├ ƒ /stay/map
├ ƒ /stay/search
├ ƒ /stay/wishlist
├ ○ /stays
├ ● /stays/[slug]
│ ├ /stays/luxury-2-bed-apartment-shoreditch
│ ├ /stays/modern-studio-spinningfields
│ ├ /stays/charming-cottage-didsbury
│ └ [+5 more paths]
├ ○ /stays/long-term
├ ● /stays/long-term/[slug]
│ ├ /stays/long-term/modern-2-bed-apartment-manchester
│ ├ /stays/long-term/bright-1-bed-flat-leeds
│ ├ /stays/long-term/3-bed-house-garden-birmingham
│ └ [+9 more paths]
├ ○ /stays/long-term/map
├ ○ /stays/map
├ ○ /subscription-inactive
├ ƒ /supplier
├ ○ /supplier-portal
├ ○ /supplier-portal/invoices
├ ƒ /supplier-portal/invoices/[id]
├ ○ /supplier-portal/jobs
├ ƒ /supplier-portal/jobs/[id]
├ ○ /supplier-portal/settings
├ ○ /supplier-portal/verification
├ ƒ /supplier/account
├ ƒ /supplier/accounting
├ ƒ /supplier/accounting/accounts
├ ƒ /supplier/accounting/accounts/[accountId]
├ ƒ /supplier/accounting/accounts/journal-ledger
├ ƒ /supplier/accounting/accounts/new
├ ƒ /supplier/accounting/accounts/overview
├ ƒ /supplier/accounting/client-accounts
├ ƒ /supplier/accounting/client-accounts/disbursements/new
├ ƒ /supplier/accounting/forecast
├ ƒ /supplier/accounting/forecast/scenarios/new
├ ƒ /supplier/accounting/ledger
├ ƒ /supplier/accounting/ledger/accounts/[accountId]
├ ƒ /supplier/accounting/ledger/chart
├ ƒ /supplier/accounting/ledger/journal
├ ƒ /supplier/accounting/ledger/journal/new
├ ƒ /supplier/accounting/ledger/trial-balance
├ ƒ /supplier/accounting/mtd
├ ƒ /supplier/accounting/owner-statements
├ ƒ /supplier/accounting/reconciliation
├ ƒ /supplier/accounting/reconciliation/manual-transaction/new
├ ƒ /supplier/accounting/reports
├ ƒ /supplier/accounting/reports/generate
├ ƒ /supplier/affiliate
├ ƒ /supplier/affiliate/earnings
├ ƒ /supplier/affiliate/links
├ ƒ /supplier/affiliate/referrals
├ ƒ /supplier/affiliate/settings
├ ƒ /supplier/automations
├ ƒ /supplier/automations/admin-controls
├ ƒ /supplier/automations/ai-builder
├ ƒ /supplier/automations/approvals
├ ƒ /supplier/automations/canvas
├ ƒ /supplier/automations/errors
├ ƒ /supplier/automations/home
├ ƒ /supplier/automations/integrations
├ ƒ /supplier/automations/my-automations
├ ƒ /supplier/automations/recipes
├ ƒ /supplier/automations/runs-logs
├ ƒ /supplier/automations/runs/[id]
├ ƒ /supplier/automations/usage-limits
├ ƒ /supplier/automations/webhooks
├ ƒ /supplier/availability
├ ƒ /supplier/calendar
├ ƒ /supplier/calendar/events
├ ƒ /supplier/calendar/events/[id]
├ ƒ /supplier/calendar/events/[id]/edit
├ ƒ /supplier/calendar/events/new
├ ƒ /supplier/calendar/reminders
├ ƒ /supplier/calendar/reminders/new
├ ƒ /supplier/calendar/schedule
├ ƒ /supplier/calendar/settings
├ ƒ /supplier/calendar/timeline
├ ƒ /supplier/calendar/views
├ ƒ /supplier/calendar/views/agenda
├ ƒ /supplier/calendar/views/day
├ ƒ /supplier/calendar/views/gantt
├ ƒ /supplier/calendar/views/month
├ ƒ /supplier/calendar/views/week
├ ƒ /supplier/compliance
├ ƒ /supplier/compliance/documents/[documentId]
├ ƒ /supplier/compliance/licences/[licenceId]
├ ƒ /supplier/compliance/upload
├ ƒ /supplier/coverage
├ ƒ /supplier/disputes
├ ƒ /supplier/earnings
├ ƒ /supplier/evidence
├ ƒ /supplier/finance
├ ƒ /supplier/finance/invoices/[invoiceId]
├ ƒ /supplier/finance/invoices/new
├ ƒ /supplier/help
├ ƒ /supplier/inbox
├ ƒ /supplier/inbox/threads/[threadId]
├ ƒ /supplier/insights
├ ƒ /supplier/insurance
├ ƒ /supplier/insurance/renew
├ ƒ /supplier/invoices
├ ƒ /supplier/jobs
├ ƒ /supplier/jobs/[id]
├ ƒ /supplier/jobs/[id]/evidence
├ ƒ /supplier/jobs/[id]/sign-off
├ ƒ /supplier/leads
├ ƒ /supplier/marketplace
├ ƒ /supplier/marketplace/[id]
├ ƒ /supplier/marketplace/new
├ ƒ /supplier/messages
├ ƒ /supplier/messages/conversations/[conversationId]
├ ƒ /supplier/notifications
├ ƒ /supplier/onboarding
├ ƒ /supplier/onboarding/complete
├ ƒ /supplier/onboarding/readiness
├ ƒ /supplier/packages
├ ƒ /supplier/payouts
├ ƒ /supplier/payouts/[payoutId]
├ ƒ /supplier/payouts/[payoutId]/blockers
├ ƒ /supplier/profile
├ ƒ /supplier/profile/preview
├ ƒ /supplier/quotes
├ ƒ /supplier/quotes/[quoteId]
├ ƒ /supplier/quotes/new
├ ƒ /supplier/reputation
├ ƒ /supplier/requests
├ ƒ /supplier/requests/[requestId]
├ ƒ /supplier/reviews
├ ƒ /supplier/schedule
├ ƒ /supplier/services
├ ƒ /supplier/services/[id]
├ ƒ /supplier/settings
├ ƒ /supplier/team
├ ƒ /supplier/verification
├ ƒ /supplier/verification/business
├ ƒ /supplier/zones
├ ƒ /suppliers
├ ○ /tenant-portal
├ ○ /tenant-portal/documents
├ ○ /tenant-portal/maintenance
├ ○ /tenant-portal/messages
├ ○ /tenant-portal/rent
├ ○ /tenant-portal/settings
├ ○ /tenant-portal/tenancy
├ ○ /tenant-portal/viewings
├ ƒ /verify-2fa
├ ○ /walkthrough
└ ○ /workspace-not-found


ƒ Proxy (Middleware)

○  (Static)   prerendered as static content
●  (SSG)      prerendered as static HTML (uses generateStaticParams)
ƒ  (Dynamic)  server-rendered on demand

